[www.solarenergyworld.com/index.html]
[backblue.gif]
[fade.gif]
[index.html]
[www.solarenergyworld.com/favicon/apple-touch-icon.png]
[www.solarenergyworld.com/favicon/favicon-32x32.png]
[www.solarenergyworld.com/favicon/favicon-16x16.png]
[www.solarenergyworld.com/favicon/site.webmanifest]
[www.solarenergyworld.com/favicon/safari-pinned-tab.svg]
[www.solarenergyworld.com/favicon/favicon.ico]
[dev.visualwebsiteoptimizer.com/ee5ba7.gif]
[www.solarenergyworld.com/GET]
[www.solarenergyworld.com/wp-content/plugins/g-business-reviews-rating/wp/css/css109c.css]
[www.solarenergyworld.com/wp-content/plugins/gravityforms/assets/css/dist/basic.minbf47.css]
[www.solarenergyworld.com/wp-content/plugins/gravityforms/assets/css/dist/theme.minbf47.css]
[www.solarenergyworld.com/wp-content/themes/wmx-bravo/dist/css/bs.mindf15.css]
[www.solarenergyworld.com/wp-content/themes/wmx-bravo/dist/css/app.mindf15.css]
[www.solarenergyworld.com/wp-content/themes/wmx-bravo/consent/themea999.css]
[www.solarenergyworld.com/wp-content/themes/wmx-prime/dist/css/app.mindf15.css]
[www.solarenergyworld.com/wp-content/themes/wmx-prime/dist/css/wp.mindf15.css]
[www.solarenergyworld.com/wp-content/plugins/wmx-modals-1/public/dist/css/wmx-modals-public.min1c12.css]
[www.solarenergyworld.com/wp-content/plugins/g-business-reviews-rating/wp/js/js109c.js]
[cdnjs.cloudflare.com/ajax/libs/jquery/3.6.1/jquery.min.js]
[www.solarenergyworld.com/wp-content/plugins/gravityforms/js/jquery.json.minbf47.js]
[www.solarenergyworld.com/wp-includes/js/jquery/jquery.minf43b.js]
[www.solarenergyworld.com/wp-content/plugins/wmx-modals-1/public/dist/js/wmx-modals-public.min1c12.js]
[www.solarenergyworld.com/wp-content/plugins/gravityforms/js/gravityforms.minbf47.js]
[www.solarenergyworld.com/wp-content/plugins/gravityforms/assets/js/dist/utils.min43b8.js]
[www.solarenergyworld.com/wp-json/wp/v2/pages/5.json]
[www.solarenergyworld.com/wp-json/index.html]
[www.solarenergyworld.com/wp-json/oembed/1.0/embed2dad.json]
[www.solarenergyworld.com/wp-json/oembed/1.0/embed5ae3]
[www.solarenergyworld.com/wp-content/uploads/svg/Logo.svg]
[www.solarenergyworld.com/wp-content/uploads/svg/solar-logo-white.svg]
[www.solarenergyworld.com/wp-content/uploads/2024/08/DJI_0661-1024x576.jpg]
[www.solarenergyworld.com/wp-content/uploads/2024/06/Solar-Panel-Payback-Period.png]
[www.solarenergyworld.com/products/index.html]
[www.solarenergyworld.com/wp-content/uploads/svg/stars.svg]
[www.solarenergyworld.com/wp-content/uploads/2024/06/Trust-Logos.webp]
[www.solarenergyworld.com/wp-content/plugins/gravityforms/images/spinner.svg]
[www.solarenergyworld.com/going-solar/live-monitoring/index.html]
[www.solarenergyworld.com/wp-content/uploads/2024/05/d2ec129470064d9df1f61fef8a80dcef-1024x576.webp]
[www.solarenergyworld.com/wp-content/uploads/2024/05/solar-installers-1024x683.webp]
[www.solarenergyworld.com/wp-content/uploads/2024/08/DJI_0513-1-EDITED-1024x635.png]
[www.solarenergyworld.com/pricing/index.html]
[www.solarenergyworld.com/wp-content/uploads/2024/09/solar-roof-install-flyover1.webp]
[www.solarenergyworld.com/wp-content/uploads/2024/05/Bill.svg]
[www.solarenergyworld.com/wp-content/uploads/svg/House-Solar.svg]
[www.solarenergyworld.com/wp-content/uploads/svg/Piggy-Bank.svg]
[www.solarenergyworld.com/wp-content/uploads/svg/Factory.svg]
[www.solarenergyworld.com/wp-content/uploads/svg/Hands.svg]
[www.solarenergyworld.com/wp-content/uploads/svg/Documents.svg]
[www.solarenergyworld.com/pricing/0-down-vs-purchase/index.html]
[www.solarenergyworld.com/wp-content/plugins/gravityforms/images/datepicker/datepicker.svg]
[www.solarenergyworld.com/wp-content/uploads/2024/12/Solar-Power-1024x684.jpg]
[www.solarenergyworld.com/wp-content/themes/wmx-bravo/blocks/hero/dist/hero.min0021.css]
[www.solarenergyworld.com/wp-content/themes/wmx-bravo/blocks/section-wrapper/dist/section-wrapper.min0fc1.css]
[www.solarenergyworld.com/exploring-the-basics-of-solar-energy/index.html]
[www.solarenergyworld.com/wp-content/themes/wmx-bravo/blocks/stat/dist/stat.min0fc1.css]
[www.solarenergyworld.com/wp-content/themes/wmx-bravo/blocks/stats-wrapper/dist/stats-wrapper.min0fc1.css]
[www.solarenergyworld.com/wp-content/themes/wmx-bravo/blocks/stacking-card/dist/stacking-card.min0fc1.css]
[www.solarenergyworld.com/wp-content/themes/wmx-bravo/blocks/stacking-cards-wrapper/dist/stacking-cards-wrapper.min0fc1.css]
[www.solarenergyworld.com/wp-content/themes/wmx-bravo/blocks/video/dist/video.min0fc1.css]
[www.solarenergyworld.com/resources/index.html]
[www.solarenergyworld.com/wp-content/themes/wmx-bravo/blocks/card/dist/card.min0fc1.css]
[www.solarenergyworld.com/wp-content/themes/wmx-bravo/blocks/cards-wrapper/dist/cards-wrapper.min0fc1.css]
[www.solarenergyworld.com/wp-content/themes/wmx-bravo/blocks/circle-accent/dist/circle-accent.min0fc1.css]
[www.solarenergyworld.com/resources/blog/index.html]
[www.solarenergyworld.com/wp-content/themes/wmx-bravo/blocks/accordion-panel/dist/accordion-panel.min0fc1.css]
[www.solarenergyworld.com/wp-content/themes/wmx-bravo/blocks/featured/dist/featured.min0fc1.css]
[www.solarenergyworld.com/wp-content/themes/wmx-bravo/blocks/wizard/dist/wizard.mind040.css]
[www.solarenergyworld.com/wp-content/plugins/formhq-wordpress-adapter/public/js/scripts.js]
[www.solarenergyworld.com/resources/index516c.html]
[www.solarenergyworld.com/going-solar/how-solar-works/index.html]
[js.hs-scripts.com/14510929c865.js]
[www.solarenergyworld.com/solar-by-state/index.html]
[www.solarenergyworld.com/wp-content/plugins/formhq-wordpress-adapter/public/js/gravity-forms.js]
[www.solarenergyworld.com/install-process/index.html]
[www.solarenergyworld.com/wp-content/themes/wmx-prime/dist/js/app.mindf15.js]
[www.solarenergyworld.com/wp-content/themes/wmx-bravo/dist/js/app.mindf15.js]
[www.solarenergyworld.com/wp-includes/js/dist/dom-ready.min5346.js]
[www.solarenergyworld.com/wp-includes/js/dist/hooks.min2757.js]
[www.solarenergyworld.com/wp-includes/js/dist/i18n.minc33c.js]
[www.solarenergyworld.com/faqs/index.html]
[www.solarenergyworld.com/wp-includes/js/dist/a11y.mine810.js]
[www.solarenergyworld.com/wp-content/plugins/gravityforms/js/jquery.textareaCounter.plugin.minbf47.js]
[www.solarenergyworld.com/wp-content/plugins/gravityforms/js/placeholders.jquery.minbf47.js]
[www.solarenergyworld.com/going-solar/benefits/index.html]
[www.solarenergyworld.com/wp-content/plugins/gravityforms/assets/js/dist/vendor-theme.minf8d2.js]
[www.solarenergyworld.com/wp-content/plugins/gravityforms/assets/js/dist/scripts-theme.minaef3.js]
[www.solarenergyworld.com/wp-content/themes/wmx-bravo/blocks/hero/dist/hero.min0021.js]
[www.solarenergyworld.com/wp-content/themes/wmx-prime/dist/js/swiper.mindf15.js]
[www.solarenergyworld.com/wp-content/themes/wmx-bravo/blocks/stat/dist/stat.min0fc1.js]
[www.solarenergyworld.com/wp-content/themes/wmx-prime/dist/js/countup.mindf15.js]
[www.solarenergyworld.com/wp-content/themes/wmx-bravo/blocks/stats-wrapper/dist/stats-wrapper.min0fc1.js]
[www.solarenergyworld.com/pricing/solar-tax-credits/index.html]
[www.solarenergyworld.com/wp-content/themes/wmx-bravo/blocks/stacking-card/dist/stacking-card.min0fc1.js]
[www.solarenergyworld.com/wp-content/themes/wmx-bravo/blocks/stacking-cards-wrapper/dist/stacking-cards-wrapper.min0fc1.js]
[www.solarenergyworld.com/are-solar-panels-bad-for-the-environment/index.html]
[www.solarenergyworld.com/wp-content/themes/wmx-bravo/blocks/video/dist/video.min0fc1.js]
[www.solarenergyworld.com/wp-content/themes/wmx-bravo/blocks/card/dist/card.min0fc1.js]
[www.solarenergyworld.com/wp-content/themes/wmx-bravo/blocks/cards-wrapper/dist/cards-wrapper.min0fc1.js]
[www.solarenergyworld.com/wp-content/themes/wmx-bravo/blocks/circle-accent/dist/circle-accent.min0fc1.js]
[www.solarenergyworld.com/wp-content/themes/wmx-bravo/blocks/accordion-panel/dist/accordion-panel.min0fc1.js]
[www.solarenergyworld.com/solar-panel-payback-period-guide/index.html]
[www.solarenergyworld.com/wp-content/themes/wmx-bravo/blocks/accordion/dist/accordion.min0fc1.js]
[www.solarenergyworld.com/wp-content/themes/wmx-bravo/blocks/featured/dist/featured.min0fc1.js]
[www.solarenergyworld.com/wp-content/themes/wmx-bravo/dist/wizards/base109c.js]
[www.solarenergyworld.com/wp-content/themes/wmx-bravo/dist/wizards/v1a109c.js]
[www.solarenergyworld.com/about-us/index.html]
[www.solarenergyworld.com/wp-content/plugins/gravityforms/js/page_conditional_logic.minbf47.js]
[www.solarenergyworld.com/wp-content/plugins/gravityforms/js/conditional_logic.minbf47.js]
[www.solarenergyworld.com/wp-includes/js/jquery/ui/core.minb37e.js]
[www.solarenergyworld.com/wp-includes/js/jquery/ui/datepicker.minb37e.js]
[www.solarenergyworld.com/wp-content/plugins/gravityforms/js/datepicker-legacy.minbf47.js]
[www.solarenergyworld.com/team/index.html]
[www.solarenergyworld.com/wp-content/plugins/gravityforms/js/datepicker.minbf47.js]
[www.solarenergyworld.com/wp-content/plugins/gravityforms/js/jquery.maskedinput.minbf47.js]
[www.solarenergyworld.com/index.html]
[www.solarenergyworld.com/favicon/safari-pinned-tab.svg]
[www.solarenergyworld.com/wp-content/themes/wmx-bravo/blocks/wizard/dist/wizard.mind040.js]
[www.solarenergyworld.com/GET.html]
[www.solarenergyworld.com/givepower/index.html]
[www.solarenergyworld.com/wp-content/plugins/g-business-reviews-rating/wp/css/css109c.css]
[www.solarenergyworld.com/resources/index9c60.html]
[www.solarenergyworld.com/install-map/index.html]
[www.solarenergyworld.com/reviews/index.html]
[www.solarenergyworld.com/contact/index.html]
[www.solarenergyworld.com/service-request/index.html]
[www.solarenergyworld.com/wp-content/plugins/gravityforms/fonts/gform-icons-theme334e.woff2]
[www.solarenergyworld.com/earn-cash-rewards-for-referrals/index.html]
[www.solarenergyworld.com/about-us/visit/index.html]
[www.solarenergyworld.com/wp-content/plugins/gravityforms/fonts/gform-icons-theme334e.ttf]
[www.solarenergyworld.com/how-solar-batteries-can-save-you-more/index.html]
[www.solarenergyworld.com/uses-of-solar-energy/index.html]
[www.solarenergyworld.com/wp-content/plugins/gravityforms/fonts/gform-icons-theme334e.woff]
[www.solarenergyworld.com/wp-content/plugins/gravityforms/fonts/gform-icons-theme334e.svg]
[www.solarenergyworld.com/add-solar-panels-to-an-existing-system/index.html]
[www.solarenergyworld.com/solar-panel-insurance/index.html]
[www.solarenergyworld.com/battery/index.html]
[www.solarenergyworld.com/wp-content/plugins/gravityforms/legacy/css/chosen-sprite.png]
[www.solarenergyworld.com/wp-content/plugins/gravityforms/legacy/css/chosen-sprite@2x.png]
[www.solarenergyworld.com/wp-content/plugins/gravityforms/images/gf-creditcards.svg]
[www.solarenergyworld.com/about-us/careers/index.html]
[www.solarenergyworld.com/wp-content/plugins/gravityforms/images/gf-creditcards-check.svg]
[www.solarenergyworld.com/wp-content/plugins/gravityforms/images/list-add.svg]
[www.solarenergyworld.com/wp-content/plugins/gravityforms/assets/css/dist/basic.minbf47.css]
[www.solarenergyworld.com/wp-content/plugins/gravityforms/assets/css/dist/theme-components.minbf47.css]
[www.solarenergyworld.com/wp-content/plugins/gravityforms/images/list-remove.svg]
[www.solarenergyworld.com/terms-and-conditions/index.html]
[www.solarenergyworld.com/privacy-policy/index.html]
[www.solarenergyworld.com/wp-content/plugins/gravityforms/assets/css/dist/theme.minbf47.css]
[www.solarenergyworld.com/wp-content/themes/wmx-bravo/dist/css/bs.mindf15.css]
[www.solarenergyworld.com/wp-content/themes/wmx-bravo/dist/css/app.mindf15.css]
[www.solarenergyworld.com/wp-content/themes/wmx-bravo/consent/themea999.css]
[www.solarenergyworld.com/wp-content/themes/wmx-prime/dist/css/app.mindf15.css]
[www.solarenergyworld.com/wp-content/themes/wmx-prime/dist/css/wp.mindf15.css]
[www.solarenergyworld.com/wp-content/plugins/wmx-modals-1/public/dist/css/wmx-modals-public.min1c12.css]
[www.googletagmanager.com/gtm5445.html]
[www.solarenergyworld.com/wp-content/uploads/svg/Logo.svg]
[www.solarenergyworld.com/wp-content/uploads/svg/solar-logo-white.svg]
[www.solarenergyworld.com/wp-content/plugins/gravityforms/images/theme/down-arrow.svg]
[www.solarenergyworld.com/products/GET]
[www.solarenergyworld.com/wp-json/wp/v2/pages/201.json]
[www.solarenergyworld.com/wp-json/oembed/1.0/embedc4be.json]
[www.solarenergyworld.com/wp-json/oembed/1.0/embed34ea]
[www.solarenergyworld.com/wp-content/webp-express/webp-images/uploads/2024/08/DJI_0661-1024x576.jpg.webp]
[www.solarenergyworld.com/wp-content/webp-express/webp-images/uploads/2024/06/Solar-Panel-Payback-Period.png.webp]
[www.solarenergyworld.com/wp-content/webp-express/webp-images/uploads/2024/08/Wendell-Columbia-202311.32kW-8-scaled.jpg.webp]
[www.solarenergyworld.com/wp-content/uploads/svg/Silfab-Solar-Logo.svg]
[www.solarenergyworld.com/wp-content/webp-express/webp-images/uploads/2024/05/longi-solar-logo-300x78.png.webp]
[www.solarenergyworld.com/wp-content/uploads/svg/QCells-Logo.svg]
[www.solarenergyworld.com/wp-content/webp-express/webp-images/uploads/2024/05/solar-edge-logo-300x64.png.webp]
[www.solarenergyworld.com/wp-content/webp-express/webp-images/uploads/2024/05/enphase-logo-300x54.png.webp]
[www.solarenergyworld.com/wp-content/webp-express/webp-images/uploads/2024/05/fronius-logo-300x85.png.webp]
[www.solarenergyworld.com/wp-content/webp-express/webp-images/uploads/2024/08/DJI_0513-1-EDITED.png.webp]
[www.solarenergyworld.com/wp-content/uploads/2024/05/solar-installers.webp]
[www.solarenergyworld.com/wp-content/uploads/2024/05/d2ec129470064d9df1f61fef8a80dcef.webp]
[www.solarenergyworld.com/wp-content/uploads/2024/05/solar-roof-install-flyover.webp]
[www.solarenergyworld.com/wp-content/webp-express/webp-images/uploads/2024/08/solarpanel10.jpg.webp]
[www.solarenergyworld.com/wp-content/webp-express/webp-images/uploads/2024/08/DJI_0130-4-scaled.jpg.webp]
[www.solarenergyworld.com/wp-content/webp-express/webp-images/uploads/2024/08/DRONE-White-house-7-scaled.jpg.webp]
[www.solarenergyworld.com/wp-content/webp-express/webp-images/uploads/2024/08/Untitled-design-52.jpg.webp]
[www.solarenergyworld.com/wp-content/uploads/svg/Battery.svg]
[www.solarenergyworld.com/wp-content/uploads/svg/Monitoring.svg]
[www.solarenergyworld.com/wp-content/uploads/svg/Check-Doc.svg]
[www.solarenergyworld.com/wp-content/webp-express/webp-images/uploads/2024/12/Solar-Power-1024x684.jpg.webp]
[www.solarenergyworld.com/wp-content/themes/wmx-bravo/blocks/hero-media/dist/hero-media.min0fc1.css]
[www.solarenergyworld.com/wp-content/themes/wmx-bravo/blocks/logos/dist/logos.min0fc1.css]
[www.solarenergyworld.com/warranty/index.html]
[www.solarenergyworld.com/wp-content/themes/wmx-bravo/blocks/gallery/dist/gallery.min0fc1.css]
[www.solarenergyworld.com/wp-content/themes/wmx-bravo/blocks/hero-media/dist/hero-media.min0fc1.js]
[www.solarenergyworld.com/wp-content/themes/wmx-bravo/blocks/logos/dist/logos.min0fc1.js]
[www.solarenergyworld.com/products/index.html]
[www.solarenergyworld.com/solar-battery-storage/index.html]
[www.solarenergyworld.com/wp-content/themes/wmx-bravo/blocks/gallery/dist/gallery.min0fc1.js]
[www.solarenergyworld.com/going-solar/live-monitoring/GET]
[www.solarenergyworld.com/wp-json/wp/v2/pages/633.json]
[www.solarenergyworld.com/wp-json/oembed/1.0/embedd37c.json]
[www.solarenergyworld.com/wp-json/oembed/1.0/embedd489]
[www.solarenergyworld.com/going-solar/live-monitoring/index.html]
[www.solarenergyworld.com/sew-warranty/index.html]
[www.solarenergyworld.com/pricing/GET]
[www.solarenergyworld.com/wp-json/wp/v2/pages/258.json]
[www.solarenergyworld.com/wp-json/oembed/1.0/embed630a.json]
[www.solarenergyworld.com/wp-json/oembed/1.0/embed509c]
[www.solarenergyworld.com/wp-content/uploads/2024/08/Solar-Home-E-2-scaled.jpg]
[www.solarenergyworld.com/wp-content/uploads/2024/05/ca25a86db0de60d3bc85378d1bfa6351-1024x781.webp]
[www.solarenergyworld.com/wp-content/uploads/2024/05/e9f75dd53f92182601319935d769c58f-1024x576.webp]
[www.solarenergyworld.com/wp-content/themes/wmx-bravo/blocks/comparison-table/dist/comparison-table.min0fc1.css]
[www.solarenergyworld.com/wp-content/themes/wmx-bravo/blocks/gated-content/dist/gated-content.min0fc1.css]
[www.solarenergyworld.com/wp-content/themes/wmx-bravo/blocks/gated-content-wrapper/dist/gated-content-wrapper.min0fc1.css]
[www.solarenergyworld.com/wp-content/themes/wmx-bravo/blocks/comparison-table/dist/comparison-table.min0fc1.js]
[www.solarenergyworld.com/wp-content/themes/wmx-bravo/blocks/gated-content/dist/gated-content.min0fc1.js]
[www.solarenergyworld.com/pricing/index.html]
[www.solarenergyworld.com/wp-content/themes/wmx-bravo/blocks/gated-content-wrapper/dist/gated-content-wrapper.min0fc1.js]
[www.solarenergyworld.com/pricing/0-down-vs-purchase/GET]
[www.solarenergyworld.com/wp-json/wp/v2/pages/629.json]
[www.solarenergyworld.com/wp-json/oembed/1.0/embed15eb.json]
[www.solarenergyworld.com/wp-json/oembed/1.0/embedd6b3]
[www.solarenergyworld.com/wp-content/uploads/2024/08/Your-paragraph-text-7.jpg]
[www.solarenergyworld.com/pricing/0-down-vs-purchase/index.html]
[www.solarenergyworld.com/exploring-the-basics-of-solar-energy/GET]
[www.solarenergyworld.com/wp-json/wp/v2/posts/153.json]
[www.solarenergyworld.com/wp-json/oembed/1.0/embedb0c8.json]
[www.solarenergyworld.com/wp-json/oembed/1.0/embed6595]
[www.solarenergyworld.com/wp-content/uploads/2024/04/Exploring-the-Basics-of-Solar-Energy.jpg]
[www.solarenergyworld.com/cdn-cgi/l/email-protection.html]
[www.solarenergyworld.com/wp-content/uploads/2024/03/Additional-Considerations-for-Homeowners-1024x666.jpg]
[www.solarenergyworld.com/how-many-solar-panels-are-needed-to-run-a-house/index.html]
[www.solarenergyworld.com/wp-content/uploads/2024/03/Considering-the-Aesthetics-of-Solar-Panel-Installation.jpg]
[www.solarenergyworld.com/the-pros-and-cons-of-solar-panels-what-you-need-to-know/index.html]
[www.solarenergyworld.com/cdn-cgi/scripts/5c5dd728/cloudflare-static/email-decode.min.js]
[www.solarenergyworld.com/wp-content/themes/wmx-bravo/blocks/share/dist/share.min0fc1.css]
[www.solarenergyworld.com/how-do-solar-panels-work-for-your-home/index.html]
[www.solarenergyworld.com/wp-content/themes/wmx-bravo/blocks/meta/dist/meta.min0fc1.css]
[www.solarenergyworld.com/wp-content/themes/wmx-bravo/blocks/share/dist/share.min0fc1.js]
[www.solarenergyworld.com/exploring-the-basics-of-solar-energy/index.html]
[www.solarenergyworld.com/wp-content/themes/wmx-bravo/blocks/meta/dist/meta.min0fc1.js]
[www.solarenergyworld.com/how-to-get-solar-panels-for-your-home/index.html]
[www.solarenergyworld.com/resources/GET]
[www.solarenergyworld.com/washington-dc-solar/incentives/index.html]
[www.solarenergyworld.com/wp-json/wp/v2/pages/340.json]
[www.solarenergyworld.com/stylish-and-attractive-solar-panels-for-modern-homes/index.html]
[www.solarenergyworld.com/wp-json/oembed/1.0/embedbf00.json]
[www.solarenergyworld.com/wp-json/oembed/1.0/embede1f2]
[www.solarenergyworld.com/wp-content/uploads/2024/06/aa7f8439cdbf32dce9805d888aae7e1f-1024x698.webp]
[www.solarenergyworld.com/wp-content/uploads/2024/06/ebook-cta.webp]
[www.solarenergyworld.com/wp-content/uploads/svg/People.svg]
[www.solarenergyworld.com/will-going-solar-damage-your-roof/index.html]
[www.solarenergyworld.com/wp-content/uploads/svg/USA-Map.svg]
[www.solarenergyworld.com/wp-content/uploads/svg/Hand-with-Leaves.svg]
[www.solarenergyworld.com/wp-content/themes/wmx-bravo/blocks/resources/dist/resources.min0fc1.css]
[www.solarenergyworld.com/resources/index.html]
[www.solarenergyworld.com/wp-content/themes/wmx-bravo/blocks/resources/dist/resources.min0fc1.js]
[www.solarenergyworld.com/favicon/browserconfig.xml]
[www.solarenergyworld.com/resources/blog/GET]
[www.solarenergyworld.com/wp-json/wp/v2/pages/769.json]
[www.solarenergyworld.com/wp-json/oembed/1.0/embedc3e1.json]
[www.solarenergyworld.com/resources/blog/index.html]
[www.solarenergyworld.com/resources/index516c.html]
[www.solarenergyworld.com/wp-json/oembed/1.0/embed4573]
[www.solarenergyworld.com/going-solar/how-solar-works/GET]
[www.solarenergyworld.com/wp-json/wp/v2/pages/632.json]
[www.solarenergyworld.com/wp-json/oembed/1.0/embed16a9.json]
[www.solarenergyworld.com/wp-json/oembed/1.0/embed8091]
[www.solarenergyworld.com/wp-content/uploads/2024/08/DSC011111-scaled-e1723226388348.jpg]
[www.solarenergyworld.com/wp-content/uploads/2024/08/Ruttala-Germantown-20235.84kW-13-scaled.jpg]
[www.solarenergyworld.com/wp-content/uploads/2024/08/6a1e687ed6e4db01404f3304e70bdb3e.webp]
[www.solarenergyworld.com/wp-content/uploads/2024/06/How-Long-Do-Solar-Panels-Last.png]
[www.solarenergyworld.com/wp-includes/js/dist/vendor/react.mincb06.js]
[www.solarenergyworld.com/wp-includes/js/dist/vendor/react-dom.mincb06.js]
[www.solarenergyworld.com/wp-includes/js/dist/escape-html.min3a9d.js]
[www.solarenergyworld.com/wp-includes/js/dist/element.min1596.js]
[www.solarenergyworld.com/going-solar/how-solar-works/index.html]
[www.solarenergyworld.com/wp-content/plugins/image-hotspot-block/build/frontend109c.js]
[www.solarenergyworld.com/solar-by-state/GET]
[www.solarenergyworld.com/wp-json/wp/v2/pages/733.json]
[www.solarenergyworld.com/wp-json/oembed/1.0/embedca0b.json]
[www.solarenergyworld.com/wp-json/oembed/1.0/embed6c44]
[www.solarenergyworld.com/wp-content/uploads/2024/08/TOP-1.png]
[www.solarenergyworld.com/wp-content/uploads/2024/07/SOLAR_IM_StateBanners_Maryland_EN_None_None_None_None_Mixed_None_N_Y_TM_080123_768x174-R2.png]
[www.solarenergyworld.com/maryland-solar/index.html]
[www.solarenergyworld.com/wp-content/uploads/2024/07/SOLAR_IM_StateBanners_Virginia_EN_None_None_None_None_Mixed_None_N_Y_TM_080123_768x174-R2.png]
[www.solarenergyworld.com/washington-dc-solar/index.html]
[www.solarenergyworld.com/wp-content/uploads/2024/07/SOLAR_IM_StateBanners_DC_EN_None_None_None_None_Mixed_None_N_Y_TM_080123_768x174-R2.png]
[www.solarenergyworld.com/virginia-solar/index.html]
[www.solarenergyworld.com/wp-content/uploads/2024/07/SOLAR_IM_StateBanners_NewJersey_EN_None_None_None_None_Mixed_None_N_Y_TM_080123_768x174-R2.png]
[www.solarenergyworld.com/wp-content/uploads/2024/07/SOLAR_IM_StateBanners_Pennsylvania_EN_None_None_None_None_Mixed_None_N_Y_TM_080123_768x174-R2.png]
[www.solarenergyworld.com/new-jersey-solar/index.html]
[www.solarenergyworld.com/pennsylvania-solar/index.html]
[www.solarenergyworld.com/wp-content/uploads/2024/07/SOLAR_IM_StateBanners_Delaware_EN_None_None_None_None_Mixed_None_N_Y_TM_080123_768x174-R2.png]
[www.solarenergyworld.com/wp-content/uploads/2024/07/SOLAR_IM_StateBanners_Florida_EN_None_None_None_None_Mixed_None_N_Y_TM_080123_768x174-R2.png]
[www.solarenergyworld.com/solar-by-state/index.html]
[www.solarenergyworld.com/delaware-solar/index.html]
[www.solarenergyworld.com/florida-solar/index.html]
[www.solarenergyworld.com/install-process/GET]
[www.solarenergyworld.com/wp-json/wp/v2/pages/625.json]
[www.solarenergyworld.com/wp-json/oembed/1.0/embed8198.json]
[www.solarenergyworld.com/wp-json/oembed/1.0/embedf3c9]
[www.solarenergyworld.com/wp-content/webp-express/webp-images/uploads/2024/08/Untitled-design-18.png.webp]
[www.solarenergyworld.com/wp-content/webp-express/webp-images/uploads/2024/08/2.jpg.webp]
[www.solarenergyworld.com/wp-content/webp-express/webp-images/uploads/2024/08/3.jpg.webp]
[www.solarenergyworld.com/wp-content/webp-express/webp-images/uploads/2024/08/4.jpg.webp]
[www.solarenergyworld.com/wp-content/webp-express/webp-images/uploads/2024/08/5.jpg.webp]
[www.solarenergyworld.com/wp-content/webp-express/webp-images/uploads/2024/08/6.jpg.webp]
[www.solarenergyworld.com/install-process/index.html]
[www.solarenergyworld.com/faqs/GET]
[www.solarenergyworld.com/wp-json/wp/v2/pages/642.json]
[www.solarenergyworld.com/wp-json/oembed/1.0/embed483c.json]
[www.solarenergyworld.com/wp-json/oembed/1.0/embedb411]
[www.solarenergyworld.com/faqs/index.html]
[www.solarenergyworld.com/how-snow-makes-solar-panels-work-better/index.html]
[www.solarenergyworld.com/install-process/products/index.html]
[www.solarenergyworld.com/how-often-should-you-get-your-solar-panels-cleaned/index.html]
[www.solarenergyworld.com/going-solar/benefits/GET]
[www.solarenergyworld.com/booknow/index.html]
[www.solarenergyworld.com/wp-json/wp/v2/pages/634.json]
[www.solarenergyworld.com/wp-json/oembed/1.0/embedffc3.json]
[www.solarenergyworld.com/wp-json/oembed/1.0/embedef1a]
[www.solarenergyworld.com/wp-content/webp-express/webp-images/uploads/2024/08/AdobeStock_100673786.jpeg.webp]
[www.solarenergyworld.com/wp-content/uploads/2024/06/MAX_0046-scaled-1.jpg]
[www.solarenergyworld.com/wp-content/webp-express/webp-images/uploads/2024/08/DJI_0123-3-1.jpg.webp]
[www.solarenergyworld.com/wp-content/webp-express/webp-images/uploads/2024/08/DJI_0661-edited-scaled.jpg.webp]
[www.solarenergyworld.com/pricing/srecs-net-metering/index.html]
[www.solarenergyworld.com/wp-content/webp-express/webp-images/uploads/2024/08/AdobeStock_499333613-scaled.jpeg.webp]
[www.solarenergyworld.com/going-solar/benefits/index.html]
[www.solarenergyworld.com/go-green-with-solar/index.html]
[www.solarenergyworld.com/pricing/solar-tax-credits/GET]
[www.solarenergyworld.com/wp-json/wp/v2/pages/628.json]
[www.solarenergyworld.com/wp-json/oembed/1.0/embedb8c2.json]
[www.solarenergyworld.com/wp-json/oembed/1.0/embeda9da]
[www.solarenergyworld.com/wp-content/uploads/2024/08/AdobeStock_279485478-scaled.jpg]
[www.solarenergyworld.com/maryland-solar/incentives/index.html]
[www.solarenergyworld.com/wp-content/uploads/2024/07/MD-Flag.png]
[www.solarenergyworld.com/virginia-solar/incentives/index.html]
[www.solarenergyworld.com/wp-content/uploads/2024/07/VA-Flag.png]
[www.solarenergyworld.com/new-jersey-solar/incentives/index.html]
[www.solarenergyworld.com/wp-content/uploads/2024/07/NJ-Flag.png]
[www.solarenergyworld.com/pennsylvania-solar/incentives/index.html]
[www.solarenergyworld.com/wp-content/uploads/2024/07/PA-Flag.png]
[www.solarenergyworld.com/wp-content/uploads/2024/07/DE-Flag-1024x614.webp]
[www.solarenergyworld.com/delaware-solar/incentives/index.html]
[www.solarenergyworld.com/florida-solar/incentives/index.html]
[www.solarenergyworld.com/wp-content/uploads/2024/07/FL-Flag.png]
[www.solarenergyworld.com/pricing/solar-tax-credits/index.html]
[www.solarenergyworld.com/are-solar-panels-bad-for-the-environment/GET]
[www.solarenergyworld.com/wp-json/wp/v2/posts/152.json]
[www.solarenergyworld.com/wp-json/oembed/1.0/embed1ab8.json]
[www.solarenergyworld.com/wp-json/oembed/1.0/embed8548]
[www.solarenergyworld.com/wp-content/uploads/2024/06/Are-Solar-Panels-Bad-for-the-Environment.jpg]
[www.solarenergyworld.com/are-solar-panels-bad-for-the-environment/index.html]
[www.solarenergyworld.com/solar-energy-products/index.html]
[www.solarenergyworld.com/solar-panel-payback-period-guide/GET]
[www.solarenergyworld.com/is-a-carbon-neutral-grid-even-feasible/index.html]
[www.solarenergyworld.com/cerc/index.html]
[www.solarenergyworld.com/wp-json/wp/v2/posts/138.json]
[www.solarenergyworld.com/wp-json/oembed/1.0/embedc63c.json]
[www.solarenergyworld.com/solar-panel-payback-period-guide/index.html]
[www.solarenergyworld.com/wp-json/oembed/1.0/embede987]
[www.solarenergyworld.com/about-us/GET]
[www.solarenergyworld.com/wp-json/wp/v2/pages/638.json]
[www.solarenergyworld.com/wp-json/oembed/1.0/embed8e2a.json]
[www.solarenergyworld.com/wp-json/oembed/1.0/embed5ef7]
[www.solarenergyworld.com/wp-content/uploads/2024/12/Comcast_Master_Logo_OnWhite_RGB.png]
[www.solarenergyworld.com/wp-content/uploads/2024/08/DJI_0248-1-scaled-e1723214520204.jpg]
[www.solarenergyworld.com/wp-content/uploads/2024/08/DSC011101-scaled.jpg]
[www.solarenergyworld.com/wp-content/uploads/2024/07/image-2.png]
[www.solarenergyworld.com/about-us/index.html]
[www.solarenergyworld.com/team/GET]
[www.solarenergyworld.com/wp-json/wp/v2/pages/264.json]
[www.solarenergyworld.com/wp-json/oembed/1.0/embed4122.json]
[www.solarenergyworld.com/wp-json/oembed/1.0/embed416c]
[www.solarenergyworld.com/wp-content/themes/wmx-bravo/blocks/team/dist/team.min0fc1.css]
[www.solarenergyworld.com/team/index.html]
[www.solarenergyworld.com/wp-content/themes/wmx-bravo/blocks/team/dist/team.min0fc1.js]
[www.solarenergyworld.com/givepower/GET]
[www.solarenergyworld.com/wp-json/wp/v2/pages/673.json]
[www.solarenergyworld.com/wp-json/oembed/1.0/embedf70a.json]
[www.solarenergyworld.com/wp-json/oembed/1.0/embed6033]
[www.solarenergyworld.com/wp-content/uploads/2024/08/BamburiDrone_03.png]
[www.solarenergyworld.com/wp-content/uploads/2024/08/Kiunga_man.jpg]
[www.solarenergyworld.com/givepower/index.html]
[www.solarenergyworld.com/about-us/green-jobs/index.html]
[www.solarenergyworld.com/reviews/GET]
[www.solarenergyworld.com/wp-json/wp/v2/pages/653.json]
[www.solarenergyworld.com/wp-json/oembed/1.0/embed68db.json]
[www.solarenergyworld.com/wp-json/oembed/1.0/embedb1f8]
[www.solarenergyworld.com/wp-content/uploads/2024/08/Jims-project-2.png]
[www.solarenergyworld.com/reviews/index.html]
[www.solarenergyworld.com/resources/index9c60.html]
[www.solarenergyworld.com/install-map/GET]
[www.solarenergyworld.com/wp-json/wp/v2/pages/630.json]
[www.solarenergyworld.com/wp-json/oembed/1.0/embedfc8c.json]
[www.solarenergyworld.com/wp-json/oembed/1.0/embed2e5b]
[www.solarenergyworld.com/install-map/index.html]
[www.solarenergyworld.com/wp-content/uploads/svg/stars.svg]
[www.solarenergyworld.com/installs/index.html]
[www.solarenergyworld.com/contact/GET]
[www.solarenergyworld.com/wp-json/wp/v2/pages/484.json]
[www.solarenergyworld.com/wp-json/oembed/1.0/embed270c.json]
[www.solarenergyworld.com/wp-json/oembed/1.0/embed4f60]
[www.solarenergyworld.com/contact/index.html]
[www.solarenergyworld.com/service-request/GET]
[www.solarenergyworld.com/wp-json/wp/v2/pages/658.json]
[www.solarenergyworld.com/wp-json/oembed/1.0/embed65e9.json]
[www.solarenergyworld.com/service-request/index.html]
[www.solarenergyworld.com/wp-json/oembed/1.0/embed8406]
[www.solarenergyworld.com/earn-cash-rewards-for-referrals/GET]
[www.solarenergyworld.com/wp-content/plugins/gravityforms/legacy/css/formreset.minbf47.css]
[www.solarenergyworld.com/wp-content/plugins/gravityforms/legacy/css/formsmain.minbf47.css]
[www.solarenergyworld.com/wp-content/plugins/gravityforms/legacy/css/readyclass.minbf47.css]
[www.solarenergyworld.com/wp-content/plugins/gravityforms/legacy/css/browsers.minbf47.css]
[www.solarenergyworld.com/wp-json/wp/v2/pages/662.json]
[www.solarenergyworld.com/wp-json/oembed/1.0/embed876a.json]
[www.solarenergyworld.com/wp-json/oembed/1.0/embedd1fe]
[www.solarenergyworld.com/earn-cash-rewards-for-referrals/index.html]
[www.solarenergyworld.com/about-us/visit/GET]
[www.solarenergyworld.com/wp-json/wp/v2/pages/639.json]
[www.solarenergyworld.com/wp-json/oembed/1.0/embedcf76.json]
[www.solarenergyworld.com/wp-json/oembed/1.0/embeddb35]
[www.solarenergyworld.com/wp-content/uploads/2024/08/Screenshot-2024-08-08-152024.png]
[www.solarenergyworld.com/about-us/visit/index.html]
[www.solarenergyworld.com/wp-content/plugins/gravityforms/images/spinner.svg]
[www.solarenergyworld.com/wp-content/uploads/2024/05/Bill.svg]
[www.solarenergyworld.com/wp-content/uploads/svg/House-Solar.svg]
[www.solarenergyworld.com/wp-content/uploads/svg/Piggy-Bank.svg]
[www.solarenergyworld.com/wp-content/uploads/svg/Factory.svg]
[www.solarenergyworld.com/wp-content/uploads/svg/Hands.svg]
[www.solarenergyworld.com/wp-content/uploads/svg/Documents.svg]
[www.solarenergyworld.com/how-solar-batteries-can-save-you-more/GET]
[www.solarenergyworld.com/wp-json/wp/v2/posts/25954.json]
[www.solarenergyworld.com/wp-json/oembed/1.0/embed4869.json]
[www.solarenergyworld.com/wp-json/oembed/1.0/embedff35]
[www.solarenergyworld.com/wp-content/uploads/2024/12/Screenshot-2024-12-19-at-11.17.38-AM.png]
[www.solarenergyworld.com/wp-content/uploads/2024/12/rsz_3rsz_1dsc01106_1-1.jpg]
[www.solarenergyworld.com/wp-content/uploads/2024/08/financing.png]
[www.solarenergyworld.com/wp-content/uploads/2024/12/rsz_istock-1786171005_1-1.jpg]
[www.solarenergyworld.com/wp-content/uploads/2024/12/Screenshot-2024-12-18-at-2.56.44-PM.png]
[www.solarenergyworld.com/wp-content/uploads/2024/12/Screenshot-2024-12-19-at-11.06.54-AM.png]
[www.solarenergyworld.com/wp-content/uploads/2024/12/Screenshot-2024-12-19-at-11.13.31-AM.png]
[www.solarenergyworld.com/wp-content/uploads/2024/08/EXT-01R02-1-1-2.png]
[www.solarenergyworld.com/wp-content/uploads/2024/12/couple-looking-at-bill-online.jpg]
[www.solarenergyworld.com/wp-content/uploads/2024/09/DSC01448-1-scaled.jpg]
[www.solarenergyworld.com/wp-content/themes/wmx-bravo/blocks/hbspt-form-embed/dist/hbspt-form-embed.min3f2f.css]
[www.solarenergyworld.com/team/jamie-ryan/index.html]
[www.solarenergyworld.com/how-solar-batteries-can-save-you-more/index.html]
[www.solarenergyworld.com/wp-content/themes/wmx-bravo/blocks/hbspt-form-embed/dist/hbspt-form-embed.min3f2f.js]
[www.solarenergyworld.com/uses-of-solar-energy/GET]
[www.solarenergyworld.com/wp-json/wp/v2/posts/25897.json]
[www.solarenergyworld.com/wp-json/oembed/1.0/embedf0e9.json]
[www.solarenergyworld.com/wp-json/oembed/1.0/embed81ef]
[www.solarenergyworld.com/wp-content/webp-express/webp-images/uploads/2024/08/solar-panel1.jpg.webp]
[www.solarenergyworld.com/uses-of-solar-energy/index.html]
[www.solarenergyworld.com/solar-panel-insurance/GET]
[www.solarenergyworld.com/solar-energy-renewable-or-nonrenewable/index.html]
[www.solarenergyworld.com/solar-tax-credit-by-state/index.html]
[www.solarenergyworld.com/wp-json/wp/v2/posts/25875.json]
[www.solarenergyworld.com/solar-energy-equipment/index.html]
[www.solarenergyworld.com/wp-json/oembed/1.0/embed3660.json]
[www.solarenergyworld.com/wp-json/oembed/1.0/embed9402]
[www.solarenergyworld.com/wp-content/uploads/2024/11/How-Solar-Panels-Affect-Home-Insurance.jpg]
[www.solarenergyworld.com/solar-panel-insurance/index.html]
[www.solarenergyworld.com/add-solar-panels-to-an-existing-system/GET]
[www.solarenergyworld.com/wp-json/wp/v2/posts/25859.json]
[www.solarenergyworld.com/wp-json/oembed/1.0/embed109b.json]
[www.solarenergyworld.com/wp-json/oembed/1.0/embed3338]
[www.solarenergyworld.com/wp-content/webp-express/webp-images/uploads/2024/11/4.jpg.webp]
[www.solarenergyworld.com/add-solar-panels-to-an-existing-system/index.html]
[www.solarenergyworld.com/wp-content/plugins/gravityforms/images/datepicker/datepicker.svg]
[www.solarenergyworld.com/battery/GET]
[www.solarenergyworld.com/wp-json/wp/v2/pages/668.json]
[www.solarenergyworld.com/wp-json/oembed/1.0/embedaf97.json]
[www.solarenergyworld.com/wp-json/oembed/1.0/embed09fe]
[www.solarenergyworld.com/wp-content/webp-express/webp-images/uploads/2024/08/EXT-01R02-1-1-2.png.webp]
[www.solarenergyworld.com/wp-content/webp-express/webp-images/uploads/2024/08/image-9.png.webp]
[www.solarenergyworld.com/wp-content/webp-express/webp-images/uploads/2024/07/enphase-logo-300x58-1.png.webp]
[www.solarenergyworld.com/wp-content/webp-express/webp-images/uploads/2024/07/SolarEdgeLogo-300x89-1.png.webp]
[www.solarenergyworld.com/battery/index.html]
[www.solarenergyworld.com/indexf5e4.html]
[www.solarenergyworld.com/about-us/careers/GET]
[www.solarenergyworld.com/wp-includes/css/dashicons.min109c.css]
[www.solarenergyworld.com/wp-json/wp/v2/pages/659.json]
[www.solarenergyworld.com/wp-json/oembed/1.0/embed1d8d.json]
[www.solarenergyworld.com/about-us/careers/index.html]
[www.solarenergyworld.com/wp-json/oembed/1.0/embed5552]
[www.solarenergyworld.com/privacy-policy/GET]
[www.solarenergyworld.com/wp-json/wp/v2/pages/3.json]
[www.solarenergyworld.com/wp-json/oembed/1.0/embeda302.json]
[www.solarenergyworld.com/privacy-policy/index.html]
[www.solarenergyworld.com/wp-json/oembed/1.0/embeded9c]
[www.solarenergyworld.com/terms-and-conditions/GET]
[www.solarenergyworld.com/wp-json/wp/v2/pages/650.json]
[www.solarenergyworld.com/wp-json/oembed/1.0/embedecf0.json]
[www.solarenergyworld.com/terms-and-conditions/index.html]
[www.solarenergyworld.com/wp-content/themes/wmx-bravo/blocks/hero/dist/hero.min0021.css]
[www.solarenergyworld.com/wp-content/themes/wmx-bravo/blocks/section-wrapper/dist/section-wrapper.min0fc1.css]
[www.solarenergyworld.com/wp-content/themes/wmx-bravo/blocks/stat/dist/stat.min0fc1.css]
[www.solarenergyworld.com/wp-content/themes/wmx-bravo/blocks/stats-wrapper/dist/stats-wrapper.min0fc1.css]
[www.solarenergyworld.com/wp-content/themes/wmx-bravo/blocks/stacking-card/dist/stacking-card.min0fc1.css]
[www.solarenergyworld.com/wp-content/themes/wmx-bravo/blocks/stacking-cards-wrapper/dist/stacking-cards-wrapper.min0fc1.css]
[www.solarenergyworld.com/wp-content/themes/wmx-bravo/blocks/video/dist/video.min0fc1.css]
[www.solarenergyworld.com/wp-content/themes/wmx-bravo/blocks/card/dist/card.min0fc1.css]
[www.solarenergyworld.com/wp-content/themes/wmx-bravo/blocks/cards-wrapper/dist/cards-wrapper.min0fc1.css]
[www.solarenergyworld.com/wp-content/themes/wmx-bravo/blocks/circle-accent/dist/circle-accent.min0fc1.css]
[www.solarenergyworld.com/wp-content/themes/wmx-bravo/blocks/accordion-panel/dist/accordion-panel.min0fc1.css]
[www.solarenergyworld.com/wp-content/themes/wmx-bravo/blocks/accordion/dist/accordion.min1e7b.css]
[www.solarenergyworld.com/wp-content/themes/wmx-bravo/blocks/featured/dist/featured.min0fc1.css]
[www.solarenergyworld.com/wp-content/themes/wmx-bravo/blocks/wizard/dist/wizard.mind040.css]
[www.solarenergyworld.com/wp-content/plugins/gravityforms/fonts/gform-icons-theme334e.svg]
[www.solarenergyworld.com/wp-content/plugins/gravityforms/images/gf-creditcards.svg]
[www.solarenergyworld.com/wp-content/plugins/gravityforms/images/gf-creditcards-check.svg]
[www.solarenergyworld.com/wp-content/plugins/gravityforms/images/list-add.svg]
[www.solarenergyworld.com/wp-content/plugins/gravityforms/images/list-remove.svg]
[www.solarenergyworld.com/wp-content/plugins/gravityforms/images/theme/down-arrow.svg]
[www.solarenergyworld.com/products/GET.html]
[www.solarenergyworld.com/wp-content/uploads/svg/Silfab-Solar-Logo.svg]
[www.solarenergyworld.com/wp-content/uploads/svg/QCells-Logo.svg]
[www.solarenergyworld.com/wp-content/uploads/svg/Battery.svg]
[www.solarenergyworld.com/wp-content/uploads/svg/Monitoring.svg]
[www.solarenergyworld.com/wp-content/uploads/svg/Check-Doc.svg]
[www.solarenergyworld.com/wp-json/oembed/1.0/embed6127]
[www.solarenergyworld.com/warranty/GET]
[www.solarenergyworld.com/wp-json/wp/v2/pages/710.json]
[www.solarenergyworld.com/wp-json/oembed/1.0/embed048f.json]
[www.solarenergyworld.com/wp-json/oembed/1.0/embed76b3]
[www.solarenergyworld.com/wp-content/uploads/2024/07/Long-House-Image.png]
[www.solarenergyworld.com/wp-content/uploads/2024/07/image-1.png]
[www.solarenergyworld.com/warranty/index.html]
[www.solarenergyworld.com/wp-content/themes/wmx-bravo/blocks/hero-media/dist/hero-media.min0fc1.css]
[www.solarenergyworld.com/wp-content/themes/wmx-bravo/blocks/logos/dist/logos.min0fc1.css]
[www.solarenergyworld.com/wp-content/themes/wmx-bravo/blocks/gallery/dist/gallery.min0fc1.css]
[www.solarenergyworld.com/going-solar/live-monitoring/GET.html]
[www.solarenergyworld.com/pricing/GET.html]
[www.solarenergyworld.com/wp-content/themes/wmx-bravo/blocks/comparison-table/dist/comparison-table.min0fc1.css]
[www.solarenergyworld.com/wp-content/themes/wmx-bravo/blocks/gated-content/dist/gated-content.min0fc1.css]
[www.solarenergyworld.com/wp-content/themes/wmx-bravo/blocks/gated-content-wrapper/dist/gated-content-wrapper.min0fc1.css]
[www.solarenergyworld.com/pricing/0-down-vs-purchase/GET.html]
[www.solarenergyworld.com/exploring-the-basics-of-solar-energy/GET.html]
[www.solarenergyworld.com/cdn-cgi/l/email-protection.html]
[www.solarenergyworld.com/how-many-solar-panels-are-needed-to-run-a-house/GET]
[www.solarenergyworld.com/wp-json/wp/v2/posts/129.json]
[www.solarenergyworld.com/wp-json/oembed/1.0/embedb18a.json]
[www.solarenergyworld.com/wp-json/oembed/1.0/embed509b]
[www.solarenergyworld.com/wp-content/webp-express/webp-images/uploads/2024/06/florida-house-may-2021-1024x768-min.jpg.webp]
[www.solarenergyworld.com/how-many-solar-panels-are-needed-to-run-a-house/index.html]
[www.solarenergyworld.com/solar-panel-size-and-weight-explained-how-big-are-solar-panels/index.html]
[www.solarenergyworld.com/the-pros-and-cons-of-solar-panels-what-you-need-to-know/GET]
[www.solarenergyworld.com/wp-json/wp/v2/posts/128.json]
[www.solarenergyworld.com/wp-json/oembed/1.0/embed8f7c.json]
[www.solarenergyworld.com/wp-json/oembed/1.0/embed1123]
[www.solarenergyworld.com/wp-content/uploads/2024/06/DJI_0661-888x-min.jpg]
[www.solarenergyworld.com/the-pros-and-cons-of-solar-panels-what-you-need-to-know/index.html]
[www.solarenergyworld.com/who-really-benefits-from-net-metering-for-solar/index.html]
[www.solarenergyworld.com/how-do-solar-panels-work-for-your-home/GET]
[www.solarenergyworld.com/case-study/frustrated-homeowner-reduces-carbon-footprint-and-saves-cash-2/index.html]
[www.solarenergyworld.com/wp-json/wp/v2/posts/130.json]
[www.solarenergyworld.com/do-solar-panels-increase-home-value/index.html]
[www.solarenergyworld.com/wp-json/oembed/1.0/embedec6b.json]
[www.solarenergyworld.com/wp-json/oembed/1.0/embed529d]
[www.solarenergyworld.com/wp-content/uploads/2024/06/winter-roof-888x.jpg]
[www.solarenergyworld.com/how-do-solar-panels-work-for-your-home/index.html]
[www.solarenergyworld.com/how-to-get-solar-panels-for-your-home/GET]
[www.solarenergyworld.com/5-fun-facts-about-solar-energy/index.html]
[www.solarenergyworld.com/wp-json/wp/v2/posts/125.json]
[www.solarenergyworld.com/wp-json/oembed/1.0/embed5313.json]
[www.solarenergyworld.com/wp-json/oembed/1.0/embed5a61]
[www.solarenergyworld.com/wp-content/uploads/2024/06/arial-view-of-install-2.jpg]
[www.solarenergyworld.com/inflation-reduction-act-solar/index.html]
[www.solarenergyworld.com/how-to-get-solar-panels-for-your-home/index.html]
[www.solarenergyworld.com/maryland-solar-panel-install/maryland-solar-incentives/index.html]
[www.solarenergyworld.com/virginia-solar-installer/virginia-solar-incentives/index.html]
[www.solarenergyworld.com/washington-dc-solar/incentives/GET]
[www.solarenergyworld.com/wp-json/wp/v2/pages/707.json]
[www.solarenergyworld.com/wp-json/oembed/1.0/embedcc20.json]
[www.solarenergyworld.com/wp-json/oembed/1.0/embedd68e]
[www.solarenergyworld.com/wp-content/uploads/2024/08/AdobeStock_214798630-scaled.jpg]
[www.solarenergyworld.com/washington-dc-solar/incentives/index.html]
[www.solarenergyworld.com/delaware-solar-panel-installation/delaware-solar-incentives-tax-credits/index.html]
[www.solarenergyworld.com/stylish-and-attractive-solar-panels-for-modern-homes/GET.1a0.delayed]
[www.solarenergyworld.com/wp-json/wp/v2/posts/71.json]
[www.solarenergyworld.com/wp-json/oembed/1.0/embede9ef.json]
[www.solarenergyworld.com/wp-json/oembed/1.0/embed4b52]
[www.solarenergyworld.com/wp-content/uploads/2024/06/e2522826c7fc0124bd2efb0f7392f23d.jpg]
[www.solarenergyworld.com/stylish-and-attractive-solar-panels-for-modern-homes/index.html]
[www.solarenergyworld.com/contact-solar-energy-world/index.html]
[www.solarenergyworld.com/wp-content/themes/wmx-bravo/blocks/share/dist/share.min0fc1.css]
[www.solarenergyworld.com/wp-content/themes/wmx-bravo/blocks/meta/dist/meta.min0fc1.css]
[www.solarenergyworld.com/resources/GET.html]
[www.solarenergyworld.com/why-solar-panels-dont-have-to-be-ugly/index.html]
[www.solarenergyworld.com/is-solar-worth-it-in-maryland/index.html]
[www.solarenergyworld.com/will-going-solar-damage-your-roof/GET]
[www.solarenergyworld.com/wp-json/wp/v2/posts/92.json]
[www.solarenergyworld.com/wp-json/oembed/1.0/embedcc2e.json]
[www.solarenergyworld.com/wp-json/oembed/1.0/embed84b5]
[www.solarenergyworld.com/wp-content/uploads/2024/06/house-sun-solar-panels.jpg]
[www.solarenergyworld.com/will-going-solar-damage-your-roof/index.html]
[www.solarenergyworld.com/wp-content/uploads/svg/People.svg]
[www.solarenergyworld.com/wp-content/uploads/svg/USA-Map.svg]
[www.solarenergyworld.com/wp-content/uploads/svg/Hand-with-Leaves.svg]
[www.solarenergyworld.com/wp-content/themes/wmx-bravo/blocks/resources/dist/resources.min0fc1.css]
[www.solarenergyworld.com/resources/blog/GET.html]
[www.solarenergyworld.com/going-solar/how-solar-works/GET.html]
[www.solarenergyworld.com/solar-by-state/GET.html]
[www.solarenergyworld.com/is-going-solar-safe/index.html]
[www.solarenergyworld.com/maryland-solar/GET]
[www.solarenergyworld.com/wp-json/wp/v2/pages/750.json]
[www.solarenergyworld.com/wp-json/oembed/1.0/embedb7b2.json]
[www.solarenergyworld.com/wp-json/oembed/1.0/embed5a8e]
[www.solarenergyworld.com/wp-content/uploads/2024/08/flag-Proprietor-state-Maryland-family-arms-Lord-1904.webp]
[www.solarenergyworld.com/wp-content/webp-express/webp-images/uploads/2024/08/AdobeStock_233242918-scaled.jpeg.webp]
[www.solarenergyworld.com/wp-content/webp-express/webp-images/uploads/2024/08/MD-Top-residental-.png.webp]
[www.solarenergyworld.com/wp-content/webp-express/webp-images/uploads/2024/08/DJI_0248-1-scaled.jpg.webp]
[www.solarenergyworld.com/wp-content/webp-express/webp-images/uploads/2024/08/financing.png.webp]
[www.solarenergyworld.com/maryland-solar/index.html]
[www.solarenergyworld.com/maryland-solar/cost/index.html]
[www.solarenergyworld.com/virginia-solar/GET]
[www.solarenergyworld.com/wp-json/wp/v2/pages/752.json]
[www.solarenergyworld.com/wp-json/oembed/1.0/embed1ac5.json]
[www.solarenergyworld.com/wp-json/oembed/1.0/embed0e10]
[www.solarenergyworld.com/wp-content/uploads/2024/08/Flag-Virginia.webp]
[www.solarenergyworld.com/wp-content/uploads/2024/08/AdobeStock_216587576-scaled.jpg]
[www.solarenergyworld.com/wp-content/uploads/2024/08/VATop-residential-.png]
[www.solarenergyworld.com/wp-content/uploads/2024/08/Wendell-Columbia-202311.32kW-8-scaled.jpg]
[www.solarenergyworld.com/virginia-solar/index.html]
[www.solarenergyworld.com/virginia-solar/cost/index.html]
[www.solarenergyworld.com/washington-dc-solar/GET]
[www.solarenergyworld.com/wp-json/wp/v2/pages/753.json]
[www.solarenergyworld.com/wp-json/oembed/1.0/embed7bd7.json]
[www.solarenergyworld.com/wp-json/oembed/1.0/embedfd66]
[www.solarenergyworld.com/wp-content/uploads/2024/08/Flag-District-of-Columbia.webp]
[www.solarenergyworld.com/wp-content/uploads/2024/08/DC-Top-residental-.png]
[www.solarenergyworld.com/wp-content/uploads/2024/08/DJI_0438-scaled.jpg]
[www.solarenergyworld.com/washington-dc-solar/index.html]
[www.solarenergyworld.com/washington-dc-solar/cost/index.html]
[www.solarenergyworld.com/new-jersey-solar/GET]
[www.solarenergyworld.com/wp-json/wp/v2/pages/755.json]
[www.solarenergyworld.com/wp-json/oembed/1.0/embed4321.json]
[www.solarenergyworld.com/wp-json/oembed/1.0/embed0041]
[www.solarenergyworld.com/wp-content/uploads/2024/08/state-flag-New-Jersey-George-Washington-field-1779.webp]
[www.solarenergyworld.com/wp-content/uploads/2024/08/AdobeStock_4894910-scaled.jpg]
[www.solarenergyworld.com/wp-content/uploads/2024/08/NJ-Top-residential-.png]
[www.solarenergyworld.com/wp-content/uploads/2024/08/12-1.jpg]
[www.solarenergyworld.com/new-jersey-solar/index.html]
[www.solarenergyworld.com/new-jersey-solar/cost/index.html]
[www.solarenergyworld.com/pennsylvania-solar/GET]
[www.solarenergyworld.com/wp-json/wp/v2/pages/754.json]
[www.solarenergyworld.com/wp-json/oembed/1.0/embed1e06.json]
[www.solarenergyworld.com/wp-json/oembed/1.0/embedb7bb]
[www.solarenergyworld.com/wp-content/uploads/2024/08/Pennsylvania-state-flag-William-Penn-blue-coat-1777.webp]
[www.solarenergyworld.com/wp-content/uploads/2024/08/AdobeStock_182152454-scaled.jpg]
[www.solarenergyworld.com/wp-content/uploads/2024/08/PA-Top-residential-.png]
[www.solarenergyworld.com/wp-content/uploads/2024/08/Bel-Air-21kw-3-scaled.jpg]
[www.solarenergyworld.com/pennsylvania-solar/index.html]
[www.solarenergyworld.com/pennsylvania-solar/cost/index.html]
[www.solarenergyworld.com/delaware-solar/GET]
[www.solarenergyworld.com/wp-json/wp/v2/pages/751.json]
[www.solarenergyworld.com/wp-json/oembed/1.0/embedf572.json]
[www.solarenergyworld.com/wp-json/oembed/1.0/embed5df1]
[www.solarenergyworld.com/wp-content/uploads/2024/08/flag-state-Delaware-diamond-arms-troops-American-December-7-1787.webp]
[www.solarenergyworld.com/wp-content/uploads/2024/08/AdobeStock_285558229-scaled.jpg]
[www.solarenergyworld.com/wp-content/uploads/2024/08/DE-Top-residental-.png]
[www.solarenergyworld.com/wp-content/uploads/2024/08/Fagan-New-Market-202321.17kW-13-1-scaled.jpg]
[www.solarenergyworld.com/delaware-solar/index.html]
[www.solarenergyworld.com/delaware-solar/cost/index.html]
[www.solarenergyworld.com/florida-solar/GET]
[www.solarenergyworld.com/wp-json/wp/v2/pages/756.json]
[www.solarenergyworld.com/wp-json/oembed/1.0/embed5b3d.json]
[www.solarenergyworld.com/wp-json/oembed/1.0/embed551b]
[www.solarenergyworld.com/wp-content/uploads/2024/08/flags-state-Florida-flag-None-governor-seal-1970.webp]
[www.solarenergyworld.com/wp-content/webp-express/webp-images/uploads/2024/08/AdobeStock_318155653.jpeg.webp]
[www.solarenergyworld.com/wp-content/webp-express/webp-images/uploads/2024/08/FL-Top-residential-.png.webp]
[www.solarenergyworld.com/florida-solar/index.html]
[www.solarenergyworld.com/install-process/GET.html]
[www.solarenergyworld.com/faqs/GET.html]
[www.solarenergyworld.com/florida-solar/cost/index.html]
[www.solarenergyworld.com/how-snow-makes-solar-panels-work-better/GET]
[www.solarenergyworld.com/wp-json/wp/v2/posts/101.json]
[www.solarenergyworld.com/wp-json/oembed/1.0/embed3765.json]
[www.solarenergyworld.com/wp-json/oembed/1.0/embed24d1]
[www.solarenergyworld.com/wp-content/uploads/2024/06/pv-snow-scaled-1.jpg]
[www.solarenergyworld.com/wp-content/uploads/2020/12/HOLIDAY-TREATMENT-FOR-BLOG-1-1024x644.jpg]
[www.solarenergyworld.com/how-snow-makes-solar-panels-work-better/index.html]
[www.solarenergyworld.com/install-process/products/GET]
[www.solarenergyworld.com/current-specials/index.html]
[www.solarenergyworld.com/wp-json/wp/v2/pages/636.json]
[www.solarenergyworld.com/wp-json/oembed/1.0/embed7d36.json]
[www.solarenergyworld.com/wp-json/oembed/1.0/embeda805]
[www.solarenergyworld.com/wp-content/themes/wmx-prime/dist/img/video-poster.webp]
[www.solarenergyworld.com/wp-content/uploads/2024/07/Tesla-Powerwall_Render-2-931x1024-1.jpg]
[www.solarenergyworld.com/wp-content/uploads/2024/07/Silfab-Logo-300x146-1.png]
[www.solarenergyworld.com/wp-content/uploads/2024/07/longi-logo-trans.png]
[www.solarenergyworld.com/wp-content/uploads/2024/07/qcell-logo-1-300x113-1.png]
[www.solarenergyworld.com/wp-content/uploads/2024/07/inverter-brand-logos-3-together-1024x154-1.jpg]
[www.solarenergyworld.com/wp-content/uploads/2024/07/infographics.png]
[www.solarenergyworld.com/install-process/products/index.html]
[www.solarenergyworld.com/how-often-should-you-get-your-solar-panels-cleaned/GET]
[www.solarenergyworld.com/wp-json/wp/v2/posts/136.json]
[www.solarenergyworld.com/wp-json/oembed/1.0/embed169e.json]
[www.solarenergyworld.com/wp-json/oembed/1.0/embed811a]
[www.solarenergyworld.com/wp-content/webp-express/webp-images/uploads/2024/06/How-Often-Should-You-Get-Your-Solar-Panels-Cleaned.jpeg.webp]
[www.solarenergyworld.com/how-often-should-you-get-your-solar-panels-cleaned/index.html]
[www.solarenergyworld.com/about-us/solar-show-room/index.html]
[www.solarenergyworld.com/do-you-have-to-clean-your-solar-panels/index.html]
[www.solarenergyworld.com/how-to-clean-your-solar-panels/index.html]
[www.solarenergyworld.com/booknow/GET]
[www.solarenergyworld.com/5-best-methods-to-clean-your-solar-panels-at-home/index.html]
[www.solarenergyworld.com/wp-json/wp/v2/pages/734.json]
[www.solarenergyworld.com/wp-json/oembed/1.0/embed3b87.json]
[www.solarenergyworld.com/booknow/index.html]
[www.solarenergyworld.com/going-solar/benefits/GET.html]
[www.solarenergyworld.com/wp-json/oembed/1.0/embede982]
[www.solarenergyworld.com/pricing/srecs-net-metering/GET]
[www.solarenergyworld.com/wp-json/wp/v2/pages/637.json]
[www.solarenergyworld.com/wp-json/oembed/1.0/embed30b9.json]
[www.solarenergyworld.com/pricing/srecs-net-metering/index.html]
[www.solarenergyworld.com/wp-json/oembed/1.0/embed71dd]
[www.solarenergyworld.com/go-green-with-solar/GET]
[www.solarenergyworld.com/wp-json/wp/v2/pages/631.json]
[www.solarenergyworld.com/wp-json/oembed/1.0/embed39a5.json]
[www.solarenergyworld.com/go-green-with-solar/index.html]
[www.solarenergyworld.com/pricing/solar-tax-credits/GET.html]
[www.solarenergyworld.com/wp-json/oembed/1.0/embed2c18]
[www.solarenergyworld.com/maryland-solar/incentives/GET]
[www.solarenergyworld.com/wp-json/wp/v2/pages/680.json]
[www.solarenergyworld.com/wp-json/oembed/1.0/embed5258.json]
[www.solarenergyworld.com/wp-json/oembed/1.0/embedb1ab]
[www.solarenergyworld.com/wp-content/uploads/2024/08/AdobeStock_233242918-scaled.jpg]
[www.solarenergyworld.com/maryland-solar/incentives/index.html]
[www.solarenergyworld.com/virginia-solar/incentives/GET]
[www.solarenergyworld.com/wp-json/wp/v2/pages/685.json]
[www.solarenergyworld.com/wp-json/oembed/1.0/embed2404.json]
[www.solarenergyworld.com/wp-json/oembed/1.0/embeda7b5]
[www.solarenergyworld.com/wp-content/webp-express/webp-images/uploads/2024/08/AdobeStock_216587576-scaled.jpeg.webp]
[www.solarenergyworld.com/virginia-solar/incentives/index.html]
[www.solarenergyworld.com/new-jersey-solar/incentives/GET]
[www.solarenergyworld.com/wp-json/wp/v2/pages/648.json]
[www.solarenergyworld.com/wp-json/oembed/1.0/embed8d72.json]
[www.solarenergyworld.com/wp-json/oembed/1.0/embedd01f]
[www.solarenergyworld.com/wp-content/webp-express/webp-images/uploads/2024/08/AdobeStock_4894910-scaled.jpeg.webp]
[www.solarenergyworld.com/new-jersey-solar/incentives/index.html]
[www.solarenergyworld.com/pennsylvania-solar/incentives/GET]
[www.solarenergyworld.com/wp-json/wp/v2/pages/709.json]
[www.solarenergyworld.com/wp-json/oembed/1.0/embed6d02.json]
[www.solarenergyworld.com/pennsylvania-solar/incentives/index.html]
[www.solarenergyworld.com/wp-json/oembed/1.0/embed549e]
[www.solarenergyworld.com/delaware-solar/incentives/GET]
[www.solarenergyworld.com/wp-json/wp/v2/pages/708.json]
[www.solarenergyworld.com/wp-json/oembed/1.0/embed7bda.json]
[www.solarenergyworld.com/wp-json/oembed/1.0/embedea0a]
[www.solarenergyworld.com/delaware-solar/incentives/index.html]
[www.solarenergyworld.com/florida-solar/incentives/GET]
[www.solarenergyworld.com/wp-json/wp/v2/pages/695.json]
[www.solarenergyworld.com/wp-json/oembed/1.0/embedb37f.json]
[www.solarenergyworld.com/florida-solar/incentives/index.html]
[www.solarenergyworld.com/are-solar-panels-bad-for-the-environment/GET.html]
[www.solarenergyworld.com/wp-json/oembed/1.0/embed08c7]
[www.solarenergyworld.com/solar-energy-products/GET]
[www.solarenergyworld.com/wp-json/wp/v2/pages/737.json]
[www.solarenergyworld.com/wp-json/oembed/1.0/embed1675.json]
[www.solarenergyworld.com/solar-energy-products/index.html]
[www.solarenergyworld.com/wp-json/oembed/1.0/embed6007]
[www.solarenergyworld.com/is-a-carbon-neutral-grid-even-feasible/GET]
[www.solarenergyworld.com/wp-json/wp/v2/posts/115.json]
[www.solarenergyworld.com/wp-json/oembed/1.0/embedffb7.json]
[www.solarenergyworld.com/wp-json/oembed/1.0/embedfb52]
[www.solarenergyworld.com/wp-content/uploads/2024/06/BLOG-IMAGE-SIZE-FOR-SEW-SITE-1.jpg]
[www.solarenergyworld.com/wp-content/uploads/2022/05/Whit-Blog-Post-Link.png]
[www.solarenergyworld.com/wp-content/uploads/2020/08/viewsolaroffersbutton-space.jpg]
[www.solarenergyworld.com/is-a-carbon-neutral-grid-even-feasible/index.html]
[www.solarenergyworld.com/the-sun-report/index.html]
[www.solarenergyworld.com/cerc/GET]
[www.solarenergyworld.com/wp-json/wp/v2/posts/119.json]
[www.solarenergyworld.com/wp-json/oembed/1.0/embed458d.json]
[www.solarenergyworld.com/wp-json/oembed/1.0/embedcc1b]
[www.solarenergyworld.com/wp-content/uploads/2024/06/BLOG-IMAGE-SIZE-FOR-SEW-SITE-6.png]
[www.solarenergyworld.com/wp-content/uploads/2022/07/image.png]
[www.solarenergyworld.com/wp-content/uploads/2022/07/BLOG-IMAGE-SIZE-FOR-SEW-SITE-1000-×-265-px.png]
[www.solarenergyworld.com/cerc/index.html]
[www.solarenergyworld.com/solar-panel-payback-period-guide/GET.html]
[www.solarenergyworld.com/about-us/GET.html]
[www.solarenergyworld.com/solar-energy-world-is-a-proud-partner-of-the-givepower-foundation/index.html]
[www.solarenergyworld.com/team/GET.html]
[www.solarenergyworld.com/wp-content/themes/wmx-bravo/blocks/team/dist/team.min0fc1.css]
[www.solarenergyworld.com/givepower/GET.html]
[www.solarenergyworld.com/reviews/GET.html]
[www.solarenergyworld.com/install-map/GET.html]
[www.solarenergyworld.com/installs/GET]
[www.solarenergyworld.com/wp-json/wp/v2/pages/670.json]
[www.solarenergyworld.com/wp-json/oembed/1.0/embed830d.json]
[www.solarenergyworld.com/wp-json/oembed/1.0/embed9830]
[www.solarenergyworld.com/wp-content/webp-express/webp-images/uploads/2024/08/DJI_0248-1-scaled-e1723214520204.jpg.webp]
[www.solarenergyworld.com/wp-content/webp-express/webp-images/uploads/2024/08/Solar-Home-9-of-12-copy-scaled.jpg.webp]
[www.solarenergyworld.com/wp-content/webp-express/webp-images/uploads/2024/08/Solar-Home-E-2-scaled.jpg.webp]
[www.solarenergyworld.com/wp-content/webp-express/webp-images/uploads/2024/08/Solar-Home-G-scaled.jpg.webp]
[www.solarenergyworld.com/wp-content/webp-express/webp-images/uploads/2024/08/Wendell-Columbia-202311.32kW-8-2-scaled.jpg.webp]
[www.solarenergyworld.com/wp-content/webp-express/webp-images/uploads/2024/08/DJI_0301-2-scaled.jpg.webp]
[www.solarenergyworld.com/wp-content/webp-express/webp-images/uploads/2024/08/DJI_0756-1-scaled.jpg.webp]
[www.solarenergyworld.com/wp-content/webp-express/webp-images/uploads/2024/08/DJI_0554-1-1-scaled.jpg.webp]
[www.solarenergyworld.com/wp-content/webp-express/webp-images/uploads/2024/08/Perry-Hall-MD-4-1-scaled.jpg.webp]
[www.solarenergyworld.com/wp-content/webp-express/webp-images/uploads/2024/08/DJI_0661-scaled.jpg.webp]
[www.solarenergyworld.com/wp-content/webp-express/webp-images/uploads/2024/08/dji_fly_20221006_145828_322_1665150834964_photo_optimized-6-scaled.jpg.webp]
[www.solarenergyworld.com/wp-content/webp-express/webp-images/uploads/2024/08/solar-panel2.jpeg.webp]
[www.solarenergyworld.com/wp-content/webp-express/webp-images/uploads/2024/08/Untitled-design-54.jpg.webp]
[www.solarenergyworld.com/installs/index.html]
[www.solarenergyworld.com/contact/GET.html]
[www.solarenergyworld.com/service-request/GET.html]
[www.solarenergyworld.com/earn-cash-rewards-for-referrals/GET.html]
[www.solarenergyworld.com/wp-content/plugins/gravityforms/legacy/css/formreset.minbf47.css]
[www.solarenergyworld.com/wp-content/plugins/gravityforms/legacy/css/formsmain.minbf47.css]
[www.solarenergyworld.com/wp-content/plugins/gravityforms/legacy/css/readyclass.minbf47.css]
[www.solarenergyworld.com/wp-content/plugins/gravityforms/legacy/css/browsers.minbf47.css]
[www.solarenergyworld.com/about-us/visit/GET.html]
[www.solarenergyworld.com/how-solar-batteries-can-save-you-more/GET.html]
[www.solarenergyworld.com/team/jamie-ryan/GET]
[www.solarenergyworld.com/wp-json/oembed/1.0/embed9e72.json]
[www.solarenergyworld.com/wp-json/oembed/1.0/embedf34d]
[www.solarenergyworld.com/wp-content/uploads/2024/09/DSC01448-1-1024x683.jpg]
[www.solarenergyworld.com/team/jamie-ryan/index.html]
[www.solarenergyworld.com/wp-content/themes/wmx-bravo/blocks/hbspt-form-embed/dist/hbspt-form-embed.min3f2f.css]
[www.solarenergyworld.com/uses-of-solar-energy/GET.html]
[www.solarenergyworld.com/solar-energy-renewable-or-nonrenewable/GET]
[www.solarenergyworld.com/wp-json/wp/v2/posts/25836.json]
[www.solarenergyworld.com/wp-json/oembed/1.0/embed2756.json]
[www.solarenergyworld.com/wp-json/oembed/1.0/embed0006]
[www.solarenergyworld.com/wp-content/uploads/2024/10/Brandywine-GM-1-scaled.jpg]
[www.solarenergyworld.com/solar-energy-renewable-or-nonrenewable/index.html]
[www.solarenergyworld.com/solar-tax-credit-by-state/GET]
[www.solarenergyworld.com/wp-json/wp/v2/posts/25834.json]
[www.solarenergyworld.com/wp-json/oembed/1.0/embeda8c9.json]
[www.solarenergyworld.com/wp-json/oembed/1.0/embed4006]
[www.solarenergyworld.com/wp-content/uploads/2024/10/12.jpg]
[www.solarenergyworld.com/solar-tax-credit-by-state/index.html]
[www.solarenergyworld.com/solar-energy-equipment/GET]
[www.solarenergyworld.com/wp-json/wp/v2/posts/25858.json]
[www.solarenergyworld.com/wp-json/oembed/1.0/embed1445.json]
[www.solarenergyworld.com/wp-json/oembed/1.0/embedd56e]
[www.solarenergyworld.com/wp-content/uploads/2024/11/1.jpg]
[www.solarenergyworld.com/solar-energy-equipment/index.html]
[www.solarenergyworld.com/solar-panel-insurance/GET.html]
[www.solarenergyworld.com/add-solar-panels-to-an-existing-system/GET.html]
[www.solarenergyworld.com/battery/GET.html]
[www.solarenergyworld.com/wp-content/webp-express/webp-images/uploads/2024/08/DJI_0513-1-EDITED-1024x635.png.webp]
[www.solarenergyworld.com/indexf5e4.html]
[www.solarenergyworld.com/about-us/careers/GET.html]
[www.solarenergyworld.com/wp-includes/fonts/dashicons7d4b.eot]
[www.solarenergyworld.com/wp-includes/fonts/dashicons7d4b.ttf]
[www.solarenergyworld.com/wp-includes/css/dashicons.min109c.css]
[www.solarenergyworld.com/privacy-policy/GET.html]
[www.solarenergyworld.com/terms-of-use/index.html]
[www.solarenergyworld.com/terms-and-conditions/GET.html]
[www.solarenergyworld.com/warranty/GET.html]
[www.solarenergyworld.com/how-many-solar-panels-are-needed-to-run-a-house/GET.html]
[www.solarenergyworld.com/solar-panel-size-and-weight-explained-how-big-are-solar-panels/GET]
[www.solarenergyworld.com/wp-json/wp/v2/posts/131.json]
[www.solarenergyworld.com/wp-json/oembed/1.0/embed962b.json]
[www.solarenergyworld.com/wp-json/oembed/1.0/embed45c9]
[www.solarenergyworld.com/wp-content/uploads/2024/06/DJI_0026-888x500-1.jpg]
[www.solarenergyworld.com/solar-panel-size-and-weight-explained-how-big-are-solar-panels/index.html]
[www.solarenergyworld.com/the-pros-and-cons-of-solar-panels-what-you-need-to-know/GET.html]
[www.solarenergyworld.com/who-really-benefits-from-net-metering-for-solar/GET]
[www.solarenergyworld.com/wp-json/wp/v2/posts/105.json]
[www.solarenergyworld.com/wp-json/oembed/1.0/embedfc4e.json]
[www.solarenergyworld.com/wp-json/oembed/1.0/embed7f09]
[www.solarenergyworld.com/wp-content/webp-express/webp-images/uploads/2024/06/kids-meter-orange-sun-panel.jpg.webp]
[www.solarenergyworld.com/who-really-benefits-from-net-metering-for-solar/index.html]
[www.solarenergyworld.com/why-doesnt-every-homeowner-go-solar-their-reasons-may-surprise-you/index.html]
[www.solarenergyworld.com/case-study/frustrated-homeowner-reduces-carbon-footprint-and-saves-cash-2/GET.26e.delayed]
[www.solarenergyworld.com/wp-json/oembed/1.0/embed5858.json]
[www.solarenergyworld.com/wp-json/oembed/1.0/embed54e2]
[www.solarenergyworld.com/wp-content/uploads/2024/07/Blackwell1.jpg]
[www.solarenergyworld.com/case-study/frustrated-homeowner-reduces-carbon-footprint-and-saves-cash-2/index.html]
[www.solarenergyworld.com/going-solar/why-home-solar/index.html]
[www.solarenergyworld.com/do-solar-panels-increase-home-value/GET]
[www.solarenergyworld.com/wp-json/wp/v2/posts/126.json]
[www.solarenergyworld.com/wp-json/oembed/1.0/embedc7c5.json]
[www.solarenergyworld.com/do-solar-panels-increase-home-value/index.html]
[www.solarenergyworld.com/how-do-solar-panels-work-for-your-home/GET.html]
[www.solarenergyworld.com/wp-json/oembed/1.0/embed9978]
[www.solarenergyworld.com/5-fun-facts-about-solar-energy/GET]
[www.solarenergyworld.com/wp-json/wp/v2/posts/140.json]
[www.solarenergyworld.com/wp-json/oembed/1.0/embed98e4.json]
[www.solarenergyworld.com/wp-json/oembed/1.0/embed986e]
[www.solarenergyworld.com/wp-content/uploads/2024/06/Solar-Products-.jpg]
[www.solarenergyworld.com/wp-content/uploads/2023/07/MicrosoftTeams-image-17-1-410x1024.png]
[www.solarenergyworld.com/5-fun-facts-about-solar-energy/index.html]
[www.solarenergyworld.com/how-to-get-solar-panels-for-your-home/GET.html]
[www.solarenergyworld.com/how-long-do-solar-panels-last/index.html]
[www.solarenergyworld.com/this-earth-day-make-an-easy-change-that-will-have-a-huge-positive-impact/index.html]
[www.solarenergyworld.com/inflation-reduction-act-solar/GET]
[www.solarenergyworld.com/wp-json/wp/v2/posts/123.json]
[www.solarenergyworld.com/wp-json/oembed/1.0/embed1f6e.json]
[www.solarenergyworld.com/wp-json/oembed/1.0/embed1b61]
[www.solarenergyworld.com/wp-content/uploads/2024/06/Memorial-Day-Us-Instagram-Post-1.png]
[www.solarenergyworld.com/wp-content/uploads/2022/08/Memorial-Day-Us-Instagram-Post-1-1024x1024.png]
[www.solarenergyworld.com/inflation-reduction-act-solar/index.html]
[ajax.aspnetcdn.com/ajax/modernizr/modernizr-2.8.3.js]
[ajax.aspnetcdn.com/ajax/jQuery/jquery-2.2.4.min.js]
[ajax.aspnetcdn.com/ajax/jquery.ui/1.12.1/themes/base/jquery-ui.css]
[ajax.aspnetcdn.com/ajax/jquery.ui/1.12.1/jquery-ui.min.js]
[www.solarenergyworld.com/how-to-get-solar-panels-for-your-home/POST]
[mktdplp102cdn.azureedge.net/public/latest/js/form-loader12fa.js]
[mktdplp102cdn.azureedge.net/public/latest/js/ws-tracking12fa.js]
[www.solarenergyworld.com/washington-dc-solar/incentives/GET.html]
[www.solarenergyworld.com/washington-dc-solar-panel-installation/cost-of-solar-panels-dc/index.html]
[www.solarenergyworld.com/stylish-and-attractive-solar-panels-for-modern-homes/GET.html]
[www.solarenergyworld.com/ebook/considering-solar-panels/index.html]
[www.solarenergyworld.com/is-solar-worth-it-in-maryland/GET]
[www.solarenergyworld.com/ebook-2/considering-solar-panels/index.html]
[www.solarenergyworld.com/wp-json/wp/v2/posts/143.json]
[www.solarenergyworld.com/wp-json/oembed/1.0/embedf1ad.json]
[www.solarenergyworld.com/wp-json/oembed/1.0/embedcdd8]
[www.solarenergyworld.com/wp-content/uploads/2024/06/Is-Solar-Worth-It-in-Maryland.jpg]
[www.solarenergyworld.com/is-solar-worth-it-in-maryland/index.html]
[www.solarenergyworld.com/why-solar-panels-dont-have-to-be-ugly/GET]
[www.solarenergyworld.com/wp-json/wp/v2/posts/111.json]
[www.solarenergyworld.com/wp-json/oembed/1.0/embede890.json]
[www.solarenergyworld.com/wp-json/oembed/1.0/embeda339]
[www.solarenergyworld.com/wp-content/uploads/2024/06/3-houses-solar-montage-2.jpg]
[www.solarenergyworld.com/why-solar-panels-dont-have-to-be-ugly/index.html]
[www.solarenergyworld.com/will-going-solar-damage-your-roof/GET.html]
[www.solarenergyworld.com/going-solar/solar-installation-process/index.html]
[www.solarenergyworld.com/landing/solar-curious/index.html]
[www.solarenergyworld.com/about-us/customer-testimonials/index.html]
[www.solarenergyworld.com/is-going-solar-safe/GET]
[www.solarenergyworld.com/wp-json/wp/v2/posts/88.json]
[www.solarenergyworld.com/wp-json/oembed/1.0/embede7da.json]
[www.solarenergyworld.com/wp-json/oembed/1.0/embede1b3]
[www.solarenergyworld.com/wp-content/uploads/2024/06/little-black-girl-holding-pic-of-drawing-house-plugged-into-sun-cropped-3.jpg]
[www.solarenergyworld.com/is-going-solar-safe/index.html]
[www.solarenergyworld.com/maryland-solar/GET.html]
[www.solarenergyworld.com/maryland-solar/cost/GET]
[www.solarenergyworld.com/wp-json/wp/v2/pages/681.json]
[www.solarenergyworld.com/wp-json/oembed/1.0/embedce8e.json]
[www.solarenergyworld.com/maryland-solar/cost/index.html]
[www.solarenergyworld.com/virginia-solar/GET.html]
[www.solarenergyworld.com/virginia-solar-installer/cost-of-solar-panels-in-virginia/index.html]
[www.solarenergyworld.com/wp-json/oembed/1.0/embedf19f]
[www.solarenergyworld.com/virginia-solar/cost/GET]
[www.solarenergyworld.com/wp-json/wp/v2/pages/684.json]
[www.solarenergyworld.com/wp-json/oembed/1.0/embedf7d3.json]
[www.solarenergyworld.com/virginia-solar/cost/index.html]
[www.solarenergyworld.com/washington-dc-solar/GET.html]
[www.solarenergyworld.com/wp-json/oembed/1.0/embed6f93]
[www.solarenergyworld.com/washington-dc-solar/cost/GET]
[www.solarenergyworld.com/wp-json/wp/v2/pages/706.json]
[www.solarenergyworld.com/wp-json/oembed/1.0/embed7cb4.json]
[www.solarenergyworld.com/washington-dc-solar/cost/index.html]
[www.solarenergyworld.com/new-jersey-solar/GET.html]
[www.solarenergyworld.com/wp-json/oembed/1.0/embed2618]
[www.solarenergyworld.com/new-jersey-solar/cost/GET.2a2.delayed]
[www.solarenergyworld.com/wp-json/wp/v2/pages/682.json]
[www.solarenergyworld.com/wp-json/oembed/1.0/embedbcd5.json]
[www.solarenergyworld.com/new-jersey-solar/cost/index.html]
[www.solarenergyworld.com/pennsylvania-solar/GET.html]
[www.solarenergyworld.com/wp-json/oembed/1.0/embed7de6]
[www.solarenergyworld.com/pennsylvania-solar/cost/GET]
[www.solarenergyworld.com/proof-solar-increases-home-value-selling-price-solar-panels-viewed-as-upgrade-2/index.html]
[www.solarenergyworld.com/wp-json/wp/v2/pages/711.json]
[www.solarenergyworld.com/wp-json/oembed/1.0/embed3e09.json]
[www.solarenergyworld.com/pennsylvania-solar/cost/index.html]
[www.solarenergyworld.com/delaware-solar/GET.html]
[www.solarenergyworld.com/wp-json/oembed/1.0/embede805]
[www.solarenergyworld.com/delaware-solar/cost/GET]
[www.solarenergyworld.com/wp-json/wp/v2/pages/714.json]
[www.solarenergyworld.com/wp-json/oembed/1.0/embed2312.json]
[www.solarenergyworld.com/delaware-solar/cost/index.html]
[www.solarenergyworld.com/florida-solar/GET.html]
[www.solarenergyworld.com/wp-json/oembed/1.0/embed3fb2]
[www.solarenergyworld.com/florida-solar/cost/GET]
[www.solarenergyworld.com/wp-json/wp/v2/pages/694.json]
[www.solarenergyworld.com/wp-json/oembed/1.0/embedb7af.json]
[www.solarenergyworld.com/florida-solar/cost/index.html]
[www.solarenergyworld.com/wp-json/oembed/1.0/embedd357]
[www.solarenergyworld.com/how-snow-makes-solar-panels-work-better/GET.html]
[www.solarenergyworld.com/team/laureen-peck/index.html]
[www.solarenergyworld.com/current-specials/GET]
[www.solarenergyworld.com/wp-json/wp/v2/pages/627.json]
[www.solarenergyworld.com/wp-json/oembed/1.0/embed4a90.json]
[www.solarenergyworld.com/current-specials/index.html]
[www.solarenergyworld.com/install-process/products/GET.html]
[www.solarenergyworld.com/wp-content/themes/wmx-prime/dist/img/video-poster.html]
[www.solarenergyworld.com/how-often-should-you-get-your-solar-panels-cleaned/GET.html]
[www.solarenergyworld.com/wp-json/oembed/1.0/embedefe5]
[www.solarenergyworld.com/do-you-have-to-clean-your-solar-panels/GET]
[www.solarenergyworld.com/wp-json/wp/v2/posts/134.json]
[www.solarenergyworld.com/wp-json/oembed/1.0/embedbedf.json]
[www.solarenergyworld.com/wp-json/oembed/1.0/embed1f3d]
[www.solarenergyworld.com/wp-content/uploads/2024/06/Do-You-Have-to-Clean-Your-Solar-Panels-home.jpg]
[www.solarenergyworld.com/do-you-have-to-clean-your-solar-panels/index.html]
[www.solarenergyworld.com/do-you-need-to-turn-off-your-solar-panels-to-clean-them/index.html]
[www.solarenergyworld.com/how-to-clean-your-solar-panels/GET]
[www.solarenergyworld.com/wp-json/wp/v2/posts/132.json]
[www.solarenergyworld.com/wp-json/oembed/1.0/embed1bbf.json]
[www.solarenergyworld.com/wp-json/oembed/1.0/embed8060]
[www.solarenergyworld.com/wp-content/uploads/2024/06/solarpanelhome.jpg]
[www.solarenergyworld.com/how-to-clean-your-solar-panels/index.html]
[www.solarenergyworld.com/5-best-methods-to-clean-your-solar-panels-at-home/GET]
[www.solarenergyworld.com/wp-json/wp/v2/posts/133.json]
[www.solarenergyworld.com/wp-json/oembed/1.0/embed7c75.json]
[www.solarenergyworld.com/wp-json/oembed/1.0/embed98f8]
[www.solarenergyworld.com/wp-content/uploads/2024/08/Untitled-design-54.jpg]
[www.solarenergyworld.com/5-best-methods-to-clean-your-solar-panels-at-home/index.html]
[www.solarenergyworld.com/booknow/GET.html]
[www.solarenergyworld.com/pricing/srecs-net-metering/GET.html]
[www.solarenergyworld.com/go-green-with-solar/GET.html]
[www.solarenergyworld.com/maryland-solar/incentives/GET.html]
[www.solarenergyworld.com/maryland-solar-panel-install/index.html]
[www.solarenergyworld.com/virginia-solar/incentives/GET.html]
[www.solarenergyworld.com/new-jersey-solar/incentives/GET.html]
[www.solarenergyworld.com/pennsylvania-solar/incentives/GET.html]
[www.solarenergyworld.com/delaware-solar/incentives/GET.html]
[www.solarenergyworld.com/florida-solar/incentives/GET.html]
[www.solarenergyworld.com/solar-energy-products/GET.html]
[www.solarenergyworld.com/is-a-carbon-neutral-grid-even-feasible/GET.html]
[www.solarenergyworld.com/the-sun-report/GET]
[www.solarenergyworld.com/wp-json/wp/v2/pages/643.json]
[www.solarenergyworld.com/wp-json/oembed/1.0/embed50fd.json]
[www.solarenergyworld.com/the-sun-report/index.html]
[www.solarenergyworld.com/cerc/GET.html]
[www.solarenergyworld.com/installs/GET.html]
[www.solarenergyworld.com/team/jamie-ryan/GET.html]
[www.solarenergyworld.com/solar-energy-renewable-or-nonrenewable/GET.html]
[www.solarenergyworld.com/solar-tax-credit-by-state/GET.html]
[www.solarenergyworld.com/solar-energy-equipment/GET.html]
[www.solarenergyworld.com/solar-panel-size-and-weight-explained-how-big-are-solar-panels/GET.html]
[www.solarenergyworld.com/who-really-benefits-from-net-metering-for-solar/GET.html]
[www.solarenergyworld.com/wp-json/oembed/1.0/embed8262]
[www.solarenergyworld.com/why-doesnt-every-homeowner-go-solar-their-reasons-may-surprise-you/GET]
[www.solarenergyworld.com/wp-json/wp/v2/posts/104.json]
[www.solarenergyworld.com/wp-json/oembed/1.0/embed971b.json]
[www.solarenergyworld.com/wp-json/oembed/1.0/embed6a35]
[www.solarenergyworld.com/wp-content/uploads/2024/06/Black-panels-md-house-and-fl-house-1-1024x564-1.jpg]
[www.solarenergyworld.com/wp-content/uploads/2020/08/viewsolaroffersbutton-space-1024x292.jpg]
[www.solarenergyworld.com/why-doesnt-every-homeowner-go-solar-their-reasons-may-surprise-you/index.html]
[www.solarenergyworld.com/case-study/frustrated-homeowner-reduces-carbon-footprint-and-saves-cash-2/GET.html]
[www.solarenergyworld.com/do-solar-panels-increase-home-value/GET.html]
[www.solarenergyworld.com/5-fun-facts-about-solar-energy/GET.html]
[www.solarenergyworld.com/top-4-benefits-from-your-neighbors-solar-panels/index.html]
[www.solarenergyworld.com/why-the-fossil-fuel-industry-wants-solar-tax-credits-to-end-and-what-you-can-do-about-it/index.html]
[www.solarenergyworld.com/how-long-do-solar-panels-last/GET]
[www.solarenergyworld.com/why-the-lighter-green-new-deal-is-more-likely-to-accelerate-our-clean-energy-transition-and-create-a-solar-boom/index.html]
[www.solarenergyworld.com/wp-json/wp/v2/posts/139.json]
[www.solarenergyworld.com/wp-json/oembed/1.0/embed505b.json]
[www.solarenergyworld.com/how-long-do-solar-panels-last/index.html]
[www.solarenergyworld.com/wp-json/oembed/1.0/embedf3ca]
[www.solarenergyworld.com/this-earth-day-make-an-easy-change-that-will-have-a-huge-positive-impact/GET]
[www.solarenergyworld.com/wp-json/wp/v2/posts/107.json]
[www.solarenergyworld.com/wp-json/oembed/1.0/embed079e.json]
[www.solarenergyworld.com/wp-json/oembed/1.0/embedcdb4]
[www.solarenergyworld.com/wp-content/uploads/2024/06/baby-earth-april-2020.jpg]
[www.solarenergyworld.com/wp-content/uploads/2020/08/ghg-by-energy-source-chart.jpg]
[www.solarenergyworld.com/wp-content/uploads/2020/09/ppa-vs-purchase-1024x305.jpg]
[www.solarenergyworld.com/wp-content/uploads/2020/08/gp-kids-water-w-descrip-compressed.jpg]
[www.solarenergyworld.com/this-earth-day-make-an-easy-change-that-will-have-a-huge-positive-impact/index.html]
[www.solarenergyworld.com/inflation-reduction-act-solar/GET.html]
[www.solarenergyworld.com/the-truth-about-free-solar-panels/index.html]
[ajax.aspnetcdn.com/ajax/jquery.ui/1.12.1/themes/base/images/ui-icons_444444_256x240.png]
[ajax.aspnetcdn.com/ajax/jquery.ui/1.12.1/themes/base/images/ui-icons_555555_256x240.png]
[ajax.aspnetcdn.com/ajax/jquery.ui/1.12.1/themes/base/images/ui-icons_ffffff_256x240.png]
[ajax.aspnetcdn.com/ajax/jquery.ui/1.12.1/themes/base/images/ui-icons_777620_256x240.png]
[ajax.aspnetcdn.com/ajax/jquery.ui/1.12.1/themes/base/images/ui-icons_cc0000_256x240.png]
[ajax.aspnetcdn.com/ajax/jquery.ui/1.12.1/themes/base/images/ui-icons_777777_256x240.png]
[ajax.aspnetcdn.com/ajax/jquery.ui/1.12.1/themes/base/jquery-ui.css]
[www.solarenergyworld.com/how-to-get-solar-panels-for-your-home/POST.html]
[www.solarenergyworld.com/ebook-2/considering-solar-panels/GET]
[www.solarenergyworld.com/wp-json/wp/v2/pages/739.json]
[www.solarenergyworld.com/wp-json/oembed/1.0/embed3606.json]
[www.solarenergyworld.com/ebook-2/considering-solar-panels/index.html]
[www.solarenergyworld.com/is-solar-worth-it-in-maryland/GET.html]
[www.solarenergyworld.com/maryland-solar-panel-install/2023-maryland-solar-incentives/index.html]
[www.solarenergyworld.com/why-solar-panels-dont-have-to-be-ugly/GET.html]
[www.solarenergyworld.com/is-going-solar-safe/GET.html]
[www.solarenergyworld.com/about-us/products/index.html]
[www.solarenergyworld.com/maryland-solar/cost/GET.html]
[www.solarenergyworld.com/maryland-solar-panel-install/2021-maryland-solar-incentives/index.html]
[www.solarenergyworld.com/virginia-solar/cost/GET.html]
[www.solarenergyworld.com/virginia-solar-installer/index.html]
[www.solarenergyworld.com/washington-dc-solar/cost/GET.html]
[www.solarenergyworld.com/washington-dc-solar-panel-installation/washington-dc-solar-incentives-tax-credits/index.html]
[www.solarenergyworld.com/washington-dc-solar-panel-installation/index.html]
[www.solarenergyworld.com/new-jersey-solar/cost/GET.html]
[www.solarenergyworld.com/new-jersey-solar-panel-install/index.html]
[www.solarenergyworld.com/wp-json/oembed/1.0/embed7382]
[www.solarenergyworld.com/proof-solar-increases-home-value-selling-price-solar-panels-viewed-as-upgrade-2/GET]
[www.solarenergyworld.com/wp-json/wp/v2/posts/86.json]
[www.solarenergyworld.com/wp-json/oembed/1.0/embedcfd0.json]
[www.solarenergyworld.com/wp-json/oembed/1.0/embedca63]
[www.solarenergyworld.com/wp-content/uploads/2024/06/selling-solar-home-2.jpg]
[www.solarenergyworld.com/wp-content/uploads/2020/08/home-value-solar-1-1.png]
[www.solarenergyworld.com/proof-solar-increases-home-value-selling-price-solar-panels-viewed-as-upgrade-2/index.html]
[www.solarenergyworld.com/pennsylvania-solar/cost/GET.html]
[www.solarenergyworld.com/pennsylvania-solar-panel-installation/index.html]
[www.solarenergyworld.com/pennsylvania-solar-panel-installation/2022-pennsylvania-solar-incentives-grants-rebates-and-tax-credits/index.html]
[www.solarenergyworld.com/delaware-solar/cost/GET.html]
[www.solarenergyworld.com/delaware-solar-panel-installation/index.html]
[www.solarenergyworld.com/florida-solar/cost/GET.html]
[www.solarenergyworld.com/florida-solar-panels/index.html]
[www.solarenergyworld.com/florida-solar-panels/florida-solar-incentives/index.html]
[www.solarenergyworld.com/florida-solar-panels/florida-solar-panel-financing/index.html]
[www.solarenergyworld.com/current-specials/GET.html]
[www.solarenergyworld.com/do-you-have-to-clean-your-solar-panels/GET.html]
[www.solarenergyworld.com/florida-solar-panels-1/florida-solar-panel-financing/index.html]
[www.solarenergyworld.com/residential-solar-power-and-home-equity-demystified/index.html]
[www.solarenergyworld.com/going-solar-is-one-of-the-best-investments-i-ever-made/index.html]
[www.solarenergyworld.com/do-you-need-to-turn-off-your-solar-panels-to-clean-them/GET.2eb.delayed]
[www.solarenergyworld.com/wp-json/wp/v2/posts/135.json]
[www.solarenergyworld.com/wp-json/oembed/1.0/embed0837.json]
[www.solarenergyworld.com/wp-json/oembed/1.0/embed4884]
[www.solarenergyworld.com/wp-content/uploads/2024/06/Do-You-Need-to-Turn-Off-Your-Solar-Panels-to-Clean-Them-1.jpg]
[www.solarenergyworld.com/do-you-need-to-turn-off-your-solar-panels-to-clean-them/index.html]
[www.solarenergyworld.com/how-to-clean-your-solar-panels/GET.html]
[www.solarenergyworld.com/5-best-methods-to-clean-your-solar-panels-at-home/GET.html]
[www.solarenergyworld.com/the-sun-report/GET.html]
[www.solarenergyworld.com/why-doesnt-every-homeowner-go-solar-their-reasons-may-surprise-you/GET.html]
[www.solarenergyworld.com/do-you-really-get-enough-sun-for-solar/index.html]
[www.solarenergyworld.com/examples-of-solar-energy-worlds-residential-installations/index.html]
[www.solarenergyworld.com/top-4-benefits-from-your-neighbors-solar-panels/GET]
[www.solarenergyworld.com/wp-json/wp/v2/posts/94.json]
[www.solarenergyworld.com/wp-json/oembed/1.0/embed73c4.json]
[www.solarenergyworld.com/wp-json/oembed/1.0/embed5102]
[www.solarenergyworld.com/wp-content/uploads/2024/06/reupblican-couple-in-front-of-house-1.jpg]
[www.solarenergyworld.com/top-4-benefits-from-your-neighbors-solar-panels/index.html]
[www.solarenergyworld.com/press/solar-energy-world-makes-2020-top-400-solar-contractors-list-21-in-usa-for-residential-installs-1-in-md/index.html]
[www.solarenergyworld.com/landing/real-people-discuss-how-solar-is-working-for-them/index.html]
[www.solarenergyworld.com/solar-energy-world-makes-2020-top-400-solar-contractors-list-21-in-usa-for-residential-installs-1-in-md/index.html]
[www.solarenergyworld.com/why-the-fossil-fuel-industry-wants-solar-tax-credits-to-end-and-what-you-can-do-about-it/GET]
[www.solarenergyworld.com/wp-json/wp/v2/posts/72.json]
[www.solarenergyworld.com/wp-json/oembed/1.0/embed9675.json]
[www.solarenergyworld.com/wp-json/oembed/1.0/embedf6f6]
[www.solarenergyworld.com/wp-content/uploads/2024/06/solar-vs-fossil-fuel-smaller.jpg]
[www.solarenergyworld.com/wp-content/uploads/2021/01/ITC-chart-horizontal2021-FA-1024x661.png]
[www.solarenergyworld.com/why-the-fossil-fuel-industry-wants-solar-tax-credits-to-end-and-what-you-can-do-about-it/index.html]
[www.solarenergyworld.com/why-the-lighter-green-new-deal-is-more-likely-to-accelerate-our-clean-energy-transition-and-create-a-solar-boom/GET]
[www.solarenergyworld.com/wp-json/wp/v2/posts/99.json]
[www.solarenergyworld.com/wp-json/oembed/1.0/embed427e.json]
[www.solarenergyworld.com/wp-json/oembed/1.0/embedb1fa]
[www.solarenergyworld.com/wp-content/uploads/2024/06/groundmount-rainbow-brighter.jpg]
[www.solarenergyworld.com/wp-content/uploads/2020/11/vertical-offer-2k-off-nov-2-for-button-on-blog-353x1024C.png]
[www.solarenergyworld.com/wp-content/uploads/2020/07/sunset-spacer-1024x86.jpg]
[www.solarenergyworld.com/why-the-lighter-green-new-deal-is-more-likely-to-accelerate-our-clean-energy-transition-and-create-a-solar-boom/index.html]
[www.solarenergyworld.com/how-long-do-solar-panels-last/GET.html]
[www.solarenergyworld.com/this-earth-day-make-an-easy-change-that-will-have-a-huge-positive-impact/GET.html]
[www.solarenergyworld.com/the-truth-about-free-solar-panels/GET]
[www.solarenergyworld.com/wp-json/wp/v2/posts/59.json]
[www.solarenergyworld.com/wp-json/oembed/1.0/embedfd53.json]
[www.solarenergyworld.com/wp-json/oembed/1.0/embed4a62]
[www.solarenergyworld.com/wp-content/uploads/2024/06/confused-man-with-panels-and-question-mark.jpg]
[www.solarenergyworld.com/wp-content/uploads/2020/09/roi-2020-2.png]
[www.solarenergyworld.com/the-truth-about-free-solar-panels/index.html]
[www.solarenergyworld.com/ebook-2/considering-solar-panels/GET.html]
[www.solarenergyworld.com/proof-solar-increases-home-value-selling-price-solar-panels-viewed-as-upgrade-2/GET.html]
[www.solarenergyworld.com/going-solar-is-one-of-the-best-investments-i-ever-made/GET]
[www.solarenergyworld.com/wp-json/wp/v2/posts/106.json]
[www.solarenergyworld.com/wp-json/oembed/1.0/embed169f.json]
[www.solarenergyworld.com/wp-json/oembed/1.0/embeda19d]
[www.solarenergyworld.com/wp-content/uploads/2024/06/money-sky-scaled-1.jpg]
[www.solarenergyworld.com/wp-content/uploads/2021/03/whit-solar-installation.jpg]
[www.solarenergyworld.com/wp-content/uploads/2021/03/whit-pics-for-blog-971x1024.jpg]
[www.solarenergyworld.com/wp-content/uploads/2021/03/about-the-author.jpg]
[www.solarenergyworld.com/going-solar-is-one-of-the-best-investments-i-ever-made/index.html]
[www.solarenergyworld.com/residential-solar-power-and-home-equity-demystified/GET]
[www.solarenergyworld.com/wp-json/wp/v2/posts/117.json]
[www.solarenergyworld.com/wp-json/oembed/1.0/embede4c7.json]
[www.solarenergyworld.com/wp-json/oembed/1.0/embed2b3c]
[www.solarenergyworld.com/wp-content/uploads/2024/06/chart2.png]
[www.solarenergyworld.com/wp-content/uploads/2022/06/chart.png]
[www.solarenergyworld.com/wp-content/uploads/2022/06/chart2.png]
[www.solarenergyworld.com/residential-solar-power-and-home-equity-demystified/index.html]
[www.solarenergyworld.com/florida-solar-panels-1/florida-solar-panel-financing/GET]
[www.solarenergyworld.com/wp-json/wp/v2/pages/715.json]
[www.solarenergyworld.com/wp-json/oembed/1.0/embed6376.json]
[www.solarenergyworld.com/florida-solar-panels-1/florida-solar-panel-financing/index.html]
[www.solarenergyworld.com/do-you-need-to-turn-off-your-solar-panels-to-clean-them/GET.html]
[www.solarenergyworld.com/installations-2/index.html]
[www.solarenergyworld.com/top-4-benefits-from-your-neighbors-solar-panels/GET.html]
[www.solarenergyworld.com/solar-powered-homeowners/index.html]
[www.solarenergyworld.com/about-us/team/index.html]
[www.solarenergyworld.com/wp-json/oembed/1.0/embed587b]
[www.solarenergyworld.com/solar-energy-world-makes-2020-top-400-solar-contractors-list-21-in-usa-for-residential-installs-1-in-md/GET]
[www.solarenergyworld.com/wp-json/wp/v2/posts/575.json]
[www.solarenergyworld.com/wp-json/oembed/1.0/embed3d23.json]
[www.solarenergyworld.com/wp-json/oembed/1.0/embed0b6c]
[www.solarenergyworld.com/wp-content/uploads/2024/07/top-solar-installer-2020-1.jpg]
[www.solarenergyworld.com/solar-energy-world-makes-2020-top-400-solar-contractors-list-21-in-usa-for-residential-installs-1-in-md/index.html]
[www.solarenergyworld.com/why-the-fossil-fuel-industry-wants-solar-tax-credits-to-end-and-what-you-can-do-about-it/GET.html]
[www.solarenergyworld.com/why-the-lighter-green-new-deal-is-more-likely-to-accelerate-our-clean-energy-transition-and-create-a-solar-boom/GET.html]
[www.solarenergyworld.com/the-truth-about-free-solar-panels/GET.html]
[www.solarenergyworld.com/pricing/sell-excess-power-srecs/index.html]
[www.solarenergyworld.com/solar-tv/index.html]
[www.solarenergyworld.com/going-solar-is-one-of-the-best-investments-i-ever-made/GET.html]
[www.solarenergyworld.com/residential-solar-power-and-home-equity-demystified/GET.html]
[www.solarenergyworld.com/florida-solar-panels-1/florida-solar-panel-financing/GET.html]
[www.solarenergyworld.com/solar-energy-world-makes-2020-top-400-solar-contractors-list-21-in-usa-for-residential-installs-1-in-md/GET.html]
